A
total path for A for size 0 = 1
=====================================
AB
AD
AE
total path for A for size 1 = 3
=====================================
ABC
ABE
ABF
ABD
ADE
ADG
ADH
ADB
AEF
AED
AEH
AEB
AEI
AEG
AEC
total path for A for size 2 = 15
=====================================
ABCF
ABCE
ABEF
ABED
ABEH
ABEI
ABEG
ABEC
ABFE
ABFI
ABFC
ABFH
ABDE
ABDG
ABDH
ADEF
ADEH
ADEB
ADEI
ADEG
ADEC
ADGH
ADGE
ADHI
ADHG
ADHE
ADHF
ADBC
ADBE
ADBF
AEFI
AEFC
AEFH
AEFB
AEDG
AEDH
AEDB
AEHI
AEHG
AEHF
AEHD
AEBC
AEBF
AEBD
AEIH
AEIF
AEGH
AEGD
AECB
AECF
total path for A for size 3 = 50
=====================================
ABCFE
ABCFI
ABCFH
ABCEF
ABCED
ABCEH
ABCEI
ABCEG
ABEFI
ABEFC
ABEFH
ABEDG
ABEDH
ABEHI
ABEHG
ABEHF
ABEHD
ABEIH
ABEIF
ABEGH
ABEGD
ABECF
ABFED
ABFEH
ABFEI
ABFEG
ABFEC
ABFIH
ABFIE
ABFCE
ABFHI
ABFHG
ABFHE
ABFHD
ABDEF
ABDEH
ABDEI
ABDEG
ABDEC
ABDGH
ABDGE
ABDHI
ABDHG
ABDHE
ABDHF
ADEFI
ADEFC
ADEFH
ADEFB
ADEHI
ADEHG
ADEHF
ADEBC
ADEBF
ADEIH
ADEIF
ADEGH
ADECB
ADECF
ADGHI
ADGHE
ADGHF
ADGEF
ADGEH
ADGEB
ADGEI
ADGEC
ADHIF
ADHIE
ADHGE
ADHEF
ADHEB
ADHEI
ADHEG
ADHEC
ADHFE
ADHFI
ADHFC
ADHFB
ADBCF
ADBCE
ADBEF
ADBEH
ADBEI
ADBEG
ADBEC
ADBFE
ADBFI
ADBFC
ADBFH
AEFIH
AEFCB
AEFHI
AEFHG
AEFHD
AEFBC
AEFBD
AEDGH
AEDHI
AEDHG
AEDHF
AEDBC
AEDBF
AEHIF
AEHGD
AEHFI
AEHFC
AEHFB
AEHDG
AEHDB
AEBCF
AEBFI
AEBFC
AEBFH
AEBDG
AEBDH
AEIHG
AEIHF
AEIHD
AEIFC
AEIFH
AEIFB
AEGHI
AEGHF
AEGHD
AEGDH
AEGDB
AECBF
AECBD
AECFI
AECFH
AECFB
total path for A for size 4 = 132
=====================================
ABCFED
ABCFEH
ABCFEI
ABCFEG
ABCFIH
ABCFIE
ABCFHI
ABCFHG
ABCFHE
ABCFHD
ABCEFI
ABCEFH
ABCEDG
ABCEDH
ABCEHI
ABCEHG
ABCEHF
ABCEHD
ABCEIH
ABCEIF
ABCEGH
ABCEGD
ABEFIH
ABEFHI
ABEFHG
ABEFHD
ABEDGH
ABEDHI
ABEDHG
ABEDHF
ABEHIF
ABEHGD
ABEHFI
ABEHFC
ABEHDG
ABEIHG
ABEIHF
ABEIHD
ABEIFC
ABEIFH
ABEGHI
ABEGHF
ABEGHD
ABEGDH
ABECFI
ABECFH
ABFEDG
ABFEDH
ABFEHI
ABFEHG
ABFEHD
ABFEIH
ABFEGH
ABFEGD
ABFIHG
ABFIHE
ABFIHD
ABFIED
ABFIEH
ABFIEG
ABFIEC
ABFCED
ABFCEH
ABFCEI
ABFCEG
ABFHIE
ABFHGD
ABFHGE
ABFHED
ABFHEI
ABFHEG
ABFHEC
ABFHDE
ABFHDG
ABDEFI
ABDEFC
ABDEFH
ABDEHI
ABDEHG
ABDEHF
ABDEIH
ABDEIF
ABDEGH
ABDECF
ABDGHI
ABDGHE
ABDGHF
ABDGEF
ABDGEH
ABDGEI
ABDGEC
ABDHIF
ABDHIE
ABDHGE
ABDHEF
ABDHEI
ABDHEG
ABDHEC
ABDHFE
ABDHFI
ABDHFC
ADEFIH
ADEFCB
ADEFHI
ADEFHG
ADEFBC
ADEHIF
ADEHFI
ADEHFC
ADEHFB
ADEBCF
ADEBFI
ADEBFC
ADEBFH
ADEIHG
ADEIHF
ADEIFC
ADEIFH
ADEIFB
ADEGHI
ADEGHF
ADECBF
ADECFI
ADECFH
ADECFB
ADGHIF
ADGHIE
ADGHEF
ADGHEB
ADGHEI
ADGHEC
ADGHFE
ADGHFI
ADGHFC
ADGHFB
ADGEFI
ADGEFC
ADGEFH
ADGEFB
ADGEHI
ADGEHF
ADGEBC
ADGEBF
ADGEIH
ADGEIF
ADGECB
ADGECF
ADHIFE
ADHIFC
ADHIFB
ADHIEF
ADHIEB
ADHIEG
ADHIEC
ADHGEF
ADHGEB
ADHGEI
ADHGEC
ADHEFI
ADHEFC
ADHEFB
ADHEBC
ADHEBF
ADHEIF
ADHECB
ADHECF
ADHFEB
ADHFEI
ADHFEG
ADHFEC
ADHFIE
ADHFCB
ADHFCE
ADHFBC
ADHFBE
ADBCFE
ADBCFI
ADBCFH
ADBCEF
ADBCEH
ADBCEI
ADBCEG
ADBEFI
ADBEFC
ADBEFH
ADBEHI
ADBEHG
ADBEHF
ADBEIH
ADBEIF
ADBEGH
ADBECF
ADBFEH
ADBFEI
ADBFEG
ADBFEC
ADBFIH
ADBFIE
ADBFCE
ADBFHI
ADBFHG
ADBFHE
AEFIHG
AEFIHD
AEFCBD
AEFHGD
AEFHDG
AEFHDB
AEFBDG
AEFBDH
AEDGHI
AEDGHF
AEDHIF
AEDHFI
AEDHFC
AEDHFB
AEDBCF
AEDBFI
AEDBFC
AEDBFH
AEHIFC
AEHIFB
AEHGDB
AEHFCB
AEHFBC
AEHFBD
AEHDBC
AEHDBF
AEBCFI
AEBCFH
AEBFIH
AEBFHI
AEBFHG
AEBFHD
AEBDGH
AEBDHI
AEBDHG
AEBDHF
AEIHGD
AEIHFC
AEIHFB
AEIHDG
AEIHDB
AEIFCB
AEIFHG
AEIFHD
AEIFBC
AEIFBD
AEGHIF
AEGHFI
AEGHFC
AEGHFB
AEGHDB
AEGDHI
AEGDHF
AEGDBC
AEGDBF
AECBFI
AECBFH
AECBDG
AECBDH
AECFIH
AECFHI
AECFHG
AECFHD
AECFBD
total path for A for size 5 = 266
=====================================
ABCFEDG
ABCFEDH
ABCFEHI
ABCFEHG
ABCFEHD
ABCFEIH
ABCFEGH
ABCFEGD
ABCFIHG
ABCFIHE
ABCFIHD
ABCFIED
ABCFIEH
ABCFIEG
ABCFHIE
ABCFHGD
ABCFHGE
ABCFHED
ABCFHEI
ABCFHEG
ABCFHDE
ABCFHDG
ABCEFIH
ABCEFHI
ABCEFHG
ABCEFHD
ABCEDGH
ABCEDHI
ABCEDHG
ABCEDHF
ABCEHIF
ABCEHGD
ABCEHFI
ABCEHDG
ABCEIHG
ABCEIHF
ABCEIHD
ABCEIFH
ABCEGHI
ABCEGHF
ABCEGHD
ABCEGDH
ABEFIHG
ABEFIHD
ABEFHGD
ABEFHDG
ABEDGHI
ABEDGHF
ABEDHIF
ABEDHFI
ABEDHFC
ABEHIFC
ABEIHGD
ABEIHFC
ABEIHDG
ABEIFHG
ABEIFHD
ABEGHIF
ABEGHFI
ABEGHFC
ABEGDHI
ABEGDHF
ABECFIH
ABECFHI
ABECFHG
ABECFHD
ABFEDGH
ABFEDHI
ABFEDHG
ABFEHGD
ABFEHDG
ABFEIHG
ABFEIHD
ABFEGHI
ABFEGHD
ABFEGDH
ABFIHGD
ABFIHGE
ABFIHED
ABFIHEG
ABFIHEC
ABFIHDE
ABFIHDG
ABFIEDG
ABFIEDH
ABFIEHG
ABFIEHD
ABFIEGH
ABFIEGD
ABFCEDG
ABFCEDH
ABFCEHI
ABFCEHG
ABFCEHD
ABFCEIH
ABFCEGH
ABFCEGD
ABFHIED
ABFHIEG
ABFHIEC
ABFHGDE
ABFHGED
ABFHGEI
ABFHGEC
ABFHEDG
ABFHEGD
ABFHDEI
ABFHDEG
ABFHDEC
ABFHDGE
ABDEFIH
ABDEFHI
ABDEFHG
ABDEHIF
ABDEHFI
ABDEHFC
ABDEIHG
ABDEIHF
ABDEIFC
ABDEIFH
ABDEGHI
ABDEGHF
ABDECFI
ABDECFH
ABDGHIF
ABDGHIE
ABDGHEF
ABDGHEI
ABDGHEC
ABDGHFE
ABDGHFI
ABDGHFC
ABDGEFI
ABDGEFC
ABDGEFH
ABDGEHI
ABDGEHF
ABDGEIH
ABDGEIF
ABDGECF
ABDHIFE
ABDHIFC
ABDHIEF
ABDHIEG
ABDHIEC
ABDHGEF
ABDHGEI
ABDHGEC
ABDHEFI
ABDHEFC
ABDHEIF
ABDHECF
ABDHFEI
ABDHFEG
ABDHFEC
ABDHFIE
ABDHFCE
ADEFIHG
ADEHIFC
ADEHIFB
ADEHFCB
ADEHFBC
ADEBCFI
ADEBCFH
ADEBFIH
ADEBFHI
ADEBFHG
ADEIHFC
ADEIHFB
ADEIFCB
ADEIFHG
ADEIFBC
ADEGHIF
ADEGHFI
ADEGHFC
ADEGHFB
ADECBFI
ADECBFH
ADECFIH
ADECFHI
ADECFHG
ADGHIFE
ADGHIFC
ADGHIFB
ADGHIEF
ADGHIEB
ADGHIEC
ADGHEFI
ADGHEFC
ADGHEFB
ADGHEBC
ADGHEBF
ADGHEIF
ADGHECB
ADGHECF
ADGHFEB
ADGHFEI
ADGHFEC
ADGHFIE
ADGHFCB
ADGHFCE
ADGHFBC
ADGHFBE
ADGEFIH
ADGEFCB
ADGEFHI
ADGEFBC
ADGEHIF
ADGEHFI
ADGEHFC
ADGEHFB
ADGEBCF
ADGEBFI
ADGEBFC
ADGEBFH
ADGEIHF
ADGEIFC
ADGEIFH
ADGEIFB
ADGECBF
ADGECFI
ADGECFH
ADGECFB
ADHIFEB
ADHIFEG
ADHIFEC
ADHIFCB
ADHIFCE
ADHIFBC
ADHIFBE
ADHIEFC
ADHIEFB
ADHIEBC
ADHIEBF
ADHIECB
ADHIECF
ADHGEFI
ADHGEFC
ADHGEFB
ADHGEBC
ADHGEBF
ADHGEIF
ADHGECB
ADHGECF
ADHEFCB
ADHEFBC
ADHEBCF
ADHEBFI
ADHEBFC
ADHEIFC
ADHEIFB
ADHECBF
ADHECFI
ADHECFB
ADHFEBC
ADHFECB
ADHFIEB
ADHFIEG
ADHFIEC
ADHFCBE
ADHFCEB
ADHFCEI
ADHFCEG
ADHFBCE
ADHFBEI
ADHFBEG
ADHFBEC
ADBCFEH
ADBCFEI
ADBCFEG
ADBCFIH
ADBCFIE
ADBCFHI
ADBCFHG
ADBCFHE
ADBCEFI
ADBCEFH
ADBCEHI
ADBCEHG
ADBCEHF
ADBCEIH
ADBCEIF
ADBCEGH
ADBEFIH
ADBEFHI
ADBEFHG
ADBEHIF
ADBEHFI
ADBEHFC
ADBEIHG
ADBEIHF
ADBEIFC
ADBEIFH
ADBEGHI
ADBEGHF
ADBECFI
ADBECFH
ADBFEHI
ADBFEHG
ADBFEIH
ADBFEGH
ADBFIHG
ADBFIHE
ADBFIEH
ADBFIEG
ADBFIEC
ADBFCEH
ADBFCEI
ADBFCEG
ADBFHIE
ADBFHGE
ADBFHEI
ADBFHEG
ADBFHEC
AEFIHGD
AEFIHDG
AEFIHDB
AEFCBDG
AEFCBDH
AEFHGDB
AEFHDBC
AEFBDGH
AEFBDHI
AEFBDHG
AEDGHIF
AEDGHFI
AEDGHFC
AEDGHFB
AEDHIFC
AEDHIFB
AEDHFCB
AEDHFBC
AEDBCFI
AEDBCFH
AEDBFIH
AEDBFHI
AEDBFHG
AEHIFCB
AEHIFBC
AEHIFBD
AEHGDBC
AEHGDBF
AEHFCBD
AEHFBDG
AEHDBCF
AEHDBFI
AEHDBFC
AEBCFIH
AEBCFHI
AEBCFHG
AEBCFHD
AEBFIHG
AEBFIHD
AEBFHGD
AEBFHDG
AEBDGHI
AEBDGHF
AEBDHIF
AEBDHFI
AEBDHFC
AEIHGDB
AEIHFCB
AEIHFBC
AEIHFBD
AEIHDBC
AEIHDBF
AEIFCBD
AEIFHGD
AEIFHDG
AEIFHDB
AEIFBDG
AEIFBDH
AEGHIFC
AEGHIFB
AEGHFCB
AEGHFBC
AEGHFBD
AEGHDBC
AEGHDBF
AEGDHIF
AEGDHFI
AEGDHFC
AEGDHFB
AEGDBCF
AEGDBFI
AEGDBFC
AEGDBFH
AECBFIH
AECBFHI
AECBFHG
AECBFHD
AECBDGH
AECBDHI
AECBDHG
AECBDHF
AECFIHG
AECFIHD
AECFHGD
AECFHDG
AECFHDB
AECFBDG
AECFBDH
total path for A for size 6 = 402
=====================================
ABCFEDGH
ABCFEDHI
ABCFEDHG
ABCFEHGD
ABCFEHDG
ABCFEIHG
ABCFEIHD
ABCFEGHI
ABCFEGHD
ABCFEGDH
ABCFIHGD
ABCFIHGE
ABCFIHED
ABCFIHEG
ABCFIHDE
ABCFIHDG
ABCFIEDG
ABCFIEDH
ABCFIEHG
ABCFIEHD
ABCFIEGH
ABCFIEGD
ABCFHIED
ABCFHIEG
ABCFHGDE
ABCFHGED
ABCFHGEI
ABCFHEDG
ABCFHEGD
ABCFHDEI
ABCFHDEG
ABCFHDGE
ABCEFIHG
ABCEFIHD
ABCEFHGD
ABCEFHDG
ABCEDGHI
ABCEDGHF
ABCEDHIF
ABCEDHFI
ABCEIHGD
ABCEIHDG
ABCEIFHG
ABCEIFHD
ABCEGHIF
ABCEGHFI
ABCEGDHI
ABCEGDHF
ABEFIHGD
ABEFIHDG
ABEDGHIF
ABEDGHFI
ABEDGHFC
ABEDHIFC
ABEIFHGD
ABEIFHDG
ABEGHIFC
ABEGDHIF
ABEGDHFI
ABEGDHFC
ABECFIHG
ABECFIHD
ABECFHGD
ABECFHDG
ABFEDGHI
ABFEIHGD
ABFEIHDG
ABFEGDHI
ABFIHGDE
ABFIHGED
ABFIHGEC
ABFIHEDG
ABFIHEGD
ABFIHDEG
ABFIHDEC
ABFIHDGE
ABFIEDGH
ABFIEDHG
ABFIEHGD
ABFIEHDG
ABFIEGHD
ABFIEGDH
ABFCEDGH
ABFCEDHI
ABFCEDHG
ABFCEHGD
ABFCEHDG
ABFCEIHG
ABFCEIHD
ABFCEGHI
ABFCEGHD
ABFCEGDH
ABFHIEDG
ABFHIEGD
ABFHGDEI
ABFHGDEC
ABFHDGEI
ABFHDGEC
ABDEFIHG
ABDEHIFC
ABDEIHFC
ABDEIFHG
ABDEGHIF
ABDEGHFI
ABDEGHFC
ABDECFIH
ABDECFHI
ABDECFHG
ABDGHIFE
ABDGHIFC
ABDGHIEF
ABDGHIEC
ABDGHEFI
ABDGHEFC
ABDGHEIF
ABDGHECF
ABDGHFEI
ABDGHFEC
ABDGHFIE
ABDGHFCE
ABDGEFIH
ABDGEFHI
ABDGEHIF
ABDGEHFI
ABDGEHFC
ABDGEIHF
ABDGEIFC
ABDGEIFH
ABDGECFI
ABDGECFH
ABDHIFEG
ABDHIFEC
ABDHIFCE
ABDHIEFC
ABDHIECF
ABDHGEFI
ABDHGEFC
ABDHGEIF
ABDHGECF
ABDHEIFC
ABDHECFI
ABDHFIEG
ABDHFIEC
ABDHFCEI
ABDHFCEG
ADEHIFCB
ADEHIFBC
ADEBCFIH
ADEBCFHI
ADEBCFHG
ADEBFIHG
ADEIHFCB
ADEIHFBC
ADEGHIFC
ADEGHIFB
ADEGHFCB
ADEGHFBC
ADECBFIH
ADECBFHI
ADECBFHG
ADECFIHG
ADGHIFEB
ADGHIFEC
ADGHIFCB
ADGHIFCE
ADGHIFBC
ADGHIFBE
ADGHIEFC
ADGHIEFB
ADGHIEBC
ADGHIEBF
ADGHIECB
ADGHIECF
ADGHEFCB
ADGHEFBC
ADGHEBCF
ADGHEBFI
ADGHEBFC
ADGHEIFC
ADGHEIFB
ADGHECBF
ADGHECFI
ADGHECFB
ADGHFEBC
ADGHFECB
ADGHFIEB
ADGHFIEC
ADGHFCBE
ADGHFCEB
ADGHFCEI
ADGHFBCE
ADGHFBEI
ADGHFBEC
ADGEHIFC
ADGEHIFB
ADGEHFCB
ADGEHFBC
ADGEBCFI
ADGEBCFH
ADGEBFIH
ADGEBFHI
ADGEIHFC
ADGEIHFB
ADGEIFCB
ADGEIFBC
ADGECBFI
ADGECBFH
ADGECFIH
ADGECFHI
ADHIFEBC
ADHIFECB
ADHIFCBE
ADHIFCEB
ADHIFCEG
ADHIFBCE
ADHIFBEG
ADHIFBEC
ADHIEFCB
ADHIEFBC
ADHIEBCF
ADHIEBFC
ADHIECBF
ADHIECFB
ADHGEFCB
ADHGEFBC
ADHGEBCF
ADHGEBFI
ADHGEBFC
ADHGEIFC
ADHGEIFB
ADHGECBF
ADHGECFI
ADHGECFB
ADHEBCFI
ADHEIFCB
ADHEIFBC
ADHECBFI
ADHFIEBC
ADHFIECB
ADHFCBEI
ADHFCBEG
ADHFBCEI
ADHFBCEG
ADBCFEHI
ADBCFEHG
ADBCFEIH
ADBCFEGH
ADBCFIHG
ADBCFIHE
ADBCFIEH
ADBCFIEG
ADBCFHIE
ADBCFHGE
ADBCFHEI
ADBCFHEG
ADBCEFIH
ADBCEFHI
ADBCEFHG
ADBCEHIF
ADBCEHFI
ADBCEIHG
ADBCEIHF
ADBCEIFH
ADBCEGHI
ADBCEGHF
ADBEFIHG
ADBEHIFC
ADBEIHFC
ADBEIFHG
ADBEGHIF
ADBEGHFI
ADBEGHFC
ADBECFIH
ADBECFHI
ADBECFHG
ADBFEIHG
ADBFEGHI
ADBFIHGE
ADBFIHEG
ADBFIHEC
ADBFIEHG
ADBFIEGH
ADBFCEHI
ADBFCEHG
ADBFCEIH
ADBFCEGH
ADBFHIEG
ADBFHIEC
ADBFHGEI
ADBFHGEC
AEFIHGDB
AEFIHDBC
AEFCBDGH
AEFCBDHI
AEFCBDHG
AEFHGDBC
AEFBDGHI
AEDGHIFC
AEDGHIFB
AEDGHFCB
AEDGHFBC
AEDHIFCB
AEDHIFBC
AEDBCFIH
AEDBCFHI
AEDBCFHG
AEDBFIHG
AEHIFCBD
AEHIFBDG
AEHGDBCF
AEHGDBFI
AEHGDBFC
AEHFCBDG
AEHDBCFI
AEBCFIHG
AEBCFIHD
AEBCFHGD
AEBCFHDG
AEBFIHGD
AEBFIHDG
AEBDGHIF
AEBDGHFI
AEBDGHFC
AEBDHIFC
AEIHGDBC
AEIHGDBF
AEIHFCBD
AEIHFBDG
AEIHDBCF
AEIHDBFC
AEIFCBDG
AEIFCBDH
AEIFHGDB
AEIFHDBC
AEIFBDGH
AEIFBDHG
AEGHIFCB
AEGHIFBC
AEGHIFBD
AEGHFCBD
AEGHDBCF
AEGHDBFI
AEGHDBFC
AEGDHIFC
AEGDHIFB
AEGDHFCB
AEGDHFBC
AEGDBCFI
AEGDBCFH
AEGDBFIH
AEGDBFHI
AECBFIHG
AECBFIHD
AECBFHGD
AECBFHDG
AECBDGHI
AECBDGHF
AECBDHIF
AECBDHFI
AECFIHGD
AECFIHDG
AECFIHDB
AECFHGDB
AECFBDGH
AECFBDHI
AECFBDHG
total path for A for size 7 = 366
=====================================
ABCFEDGHI
ABCFEIHGD
ABCFEIHDG
ABCFEGDHI
ABCFIHGDE
ABCFIHGED
ABCFIHEDG
ABCFIHEGD
ABCFIHDEG
ABCFIHDGE
ABCFIEDGH
ABCFIEDHG
ABCFIEHGD
ABCFIEHDG
ABCFIEGHD
ABCFIEGDH
ABCFHIEDG
ABCFHIEGD
ABCFHGDEI
ABCFHDGEI
ABCEFIHGD
ABCEFIHDG
ABCEDGHIF
ABCEDGHFI
ABCEIFHGD
ABCEIFHDG
ABCEGDHIF
ABCEGDHFI
ABEDGHIFC
ABEGDHIFC
ABECFIHGD
ABECFIHDG
ABFIHGDEC
ABFIHDGEC
ABFCEDGHI
ABFCEIHGD
ABFCEIHDG
ABFCEGDHI
ABDEGHIFC
ABDECFIHG
ABDGHIFEC
ABDGHIFCE
ABDGHIEFC
ABDGHIECF
ABDGHEIFC
ABDGHECFI
ABDGHFIEC
ABDGHFCEI
ABDGEHIFC
ABDGEIHFC
ABDGECFIH
ABDGECFHI
ABDHIFCEG
ABDHGEIFC
ABDHGECFI
ADEBCFIHG
ADEGHIFCB
ADEGHIFBC
ADECBFIHG
ADGHIFEBC
ADGHIFECB
ADGHIFCBE
ADGHIFCEB
ADGHIFBCE
ADGHIFBEC
ADGHIEFCB
ADGHIEFBC
ADGHIEBCF
ADGHIEBFC
ADGHIECBF
ADGHIECFB
ADGHEBCFI
ADGHEIFCB
ADGHEIFBC
ADGHECBFI
ADGHFIEBC
ADGHFIECB
ADGHFCBEI
ADGHFBCEI
ADGEHIFCB
ADGEHIFBC
ADGEBCFIH
ADGEBCFHI
ADGEIHFCB
ADGEIHFBC
ADGECBFIH
ADGECBFHI
ADHIFCBEG
ADHIFBCEG
ADHGEBCFI
ADHGEIFCB
ADHGEIFBC
ADHGECBFI
ADBCFEIHG
ADBCFEGHI
ADBCFIHGE
ADBCFIHEG
ADBCFIEHG
ADBCFIEGH
ADBCFHIEG
ADBCFHGEI
ADBCEFIHG
ADBCEIFHG
ADBCEGHIF
ADBCEGHFI
ADBEGHIFC
ADBECFIHG
ADBFIHGEC
ADBFCEIHG
ADBFCEGHI
AEFIHGDBC
AEFCBDGHI
AEDGHIFCB
AEDGHIFBC
AEDBCFIHG
AEHIFCBDG
AEHGDBCFI
AEBCFIHGD
AEBCFIHDG
AEBDGHIFC
AEIHGDBCF
AEIHGDBFC
AEIHFCBDG
AEIFCBDGH
AEIFCBDHG
AEIFHGDBC
AEGHIFCBD
AEGHDBCFI
AEGDHIFCB
AEGDHIFBC
AEGDBCFIH
AEGDBCFHI
AECBFIHGD
AECBFIHDG
AECBDGHIF
AECBDGHFI
AECFIHGDB
AECFBDGHI
total path for A for size 8 = 138
=====================================
B
total path for B for size 0 = 1
=====================================
BC
BA
BE
BF
BD
total path for B for size 1 = 5
=====================================
BCF
BCE
BAD
BAE
BEF
BED
BEH
BEI
BEG
BEC
BEA
BFE
BFI
BFC
BFH
BDE
BDG
BDA
BDH
total path for B for size 2 = 19
=====================================
BCFE
BCFI
BCFH
BCEF
BCED
BCEH
BCEI
BCEG
BCEA
BADE
BADG
BADH
BAEF
BAED
BAEH
BAEI
BAEG
BAEC
BEFI
BEFC
BEFH
BEDG
BEDA
BEDH
BEHI
BEHG
BEHF
BEHD
BEIH
BEIF
BEGH
BEGD
BECF
BEAD
BFED
BFEH
BFEI
BFEG
BFEC
BFEA
BFIH
BFIE
BFCE
BFHI
BFHG
BFHE
BFHD
BDEF
BDEH
BDEI
BDEG
BDEC
BDEA
BDGH
BDGE
BDAE
BDHI
BDHG
BDHE
BDHF
total path for B for size 3 = 60
=====================================
BCFED
BCFEH
BCFEI
BCFEG
BCFEA
BCFIH
BCFIE
BCFHI
BCFHG
BCFHE
BCFHD
BCEFI
BCEFH
BCEDG
BCEDA
BCEDH
BCEHI
BCEHG
BCEHF
BCEHD
BCEIH
BCEIF
BCEGH
BCEGD
BCEAD
BADEF
BADEH
BADEI
BADEG
BADEC
BADGH
BADGE
BADHI
BADHG
BADHE
BADHF
BAEFI
BAEFC
BAEFH
BAEDG
BAEDH
BAEHI
BAEHG
BAEHF
BAEHD
BAEIH
BAEIF
BAEGH
BAEGD
BAECF
BEFIH
BEFHI
BEFHG
BEFHD
BEDGH
BEDHI
BEDHG
BEDHF
BEHIF
BEHGD
BEHFI
BEHFC
BEHDG
BEHDA
BEIHG
BEIHF
BEIHD
BEIFC
BEIFH
BEGHI
BEGHF
BEGHD
BEGDA
BEGDH
BECFI
BECFH
BEADG
BEADH
BFEDG
BFEDA
BFEDH
BFEHI
BFEHG
BFEHD
BFEIH
BFEGH
BFEGD
BFEAD
BFIHG
BFIHE
BFIHD
BFIED
BFIEH
BFIEG
BFIEC
BFIEA
BFCED
BFCEH
BFCEI
BFCEG
BFCEA
BFHIE
BFHGD
BFHGE
BFHED
BFHEI
BFHEG
BFHEC
BFHEA
BFHDE
BFHDG
BFHDA
BDEFI
BDEFC
BDEFH
BDEHI
BDEHG
BDEHF
BDEIH
BDEIF
BDEGH
BDECF
BDGHI
BDGHE
BDGHF
BDGEF
BDGEH
BDGEI
BDGEC
BDGEA
BDAEF
BDAEH
BDAEI
BDAEG
BDAEC
BDHIF
BDHIE
BDHGE
BDHEF
BDHEI
BDHEG
BDHEC
BDHEA
BDHFE
BDHFI
BDHFC
total path for B for size 4 = 146
=====================================
BCFEDG
BCFEDA
BCFEDH
BCFEHI
BCFEHG
BCFEHD
BCFEIH
BCFEGH
BCFEGD
BCFEAD
BCFIHG
BCFIHE
BCFIHD
BCFIED
BCFIEH
BCFIEG
BCFIEA
BCFHIE
BCFHGD
BCFHGE
BCFHED
BCFHEI
BCFHEG
BCFHEA
BCFHDE
BCFHDG
BCFHDA
BCEFIH
BCEFHI
BCEFHG
BCEFHD
BCEDGH
BCEDHI
BCEDHG
BCEDHF
BCEHIF
BCEHGD
BCEHFI
BCEHDG
BCEHDA
BCEIHG
BCEIHF
BCEIHD
BCEIFH
BCEGHI
BCEGHF
BCEGHD
BCEGDA
BCEGDH
BCEADG
BCEADH
BADEFI
BADEFC
BADEFH
BADEHI
BADEHG
BADEHF
BADEIH
BADEIF
BADEGH
BADECF
BADGHI
BADGHE
BADGHF
BADGEF
BADGEH
BADGEI
BADGEC
BADHIF
BADHIE
BADHGE
BADHEF
BADHEI
BADHEG
BADHEC
BADHFE
BADHFI
BADHFC
BAEFIH
BAEFHI
BAEFHG
BAEFHD
BAEDGH
BAEDHI
BAEDHG
BAEDHF
BAEHIF
BAEHGD
BAEHFI
BAEHFC
BAEHDG
BAEIHG
BAEIHF
BAEIHD
BAEIFC
BAEIFH
BAEGHI
BAEGHF
BAEGHD
BAEGDH
BAECFI
BAECFH
BEFIHG
BEFIHD
BEFHGD
BEFHDG
BEFHDA
BEDGHI
BEDGHF
BEDHIF
BEDHFI
BEDHFC
BEHIFC
BEHGDA
BEIHGD
BEIHFC
BEIHDG
BEIHDA
BEIFHG
BEIFHD
BEGHIF
BEGHFI
BEGHFC
BEGHDA
BEGDHI
BEGDHF
BECFIH
BECFHI
BECFHG
BECFHD
BEADGH
BEADHI
BEADHG
BEADHF
BFEDGH
BFEDHI
BFEDHG
BFEHGD
BFEHDG
BFEHDA
BFEIHG
BFEIHD
BFEGHI
BFEGHD
BFEGDA
BFEGDH
BFEADG
BFEADH
BFIHGD
BFIHGE
BFIHED
BFIHEG
BFIHEC
BFIHEA
BFIHDE
BFIHDG
BFIHDA
BFIEDG
BFIEDA
BFIEDH
BFIEHG
BFIEHD
BFIEGH
BFIEGD
BFIEAD
BFCEDG
BFCEDA
BFCEDH
BFCEHI
BFCEHG
BFCEHD
BFCEIH
BFCEGH
BFCEGD
BFCEAD
BFHIED
BFHIEG
BFHIEC
BFHIEA
BFHGDE
BFHGDA
BFHGED
BFHGEI
BFHGEC
BFHGEA
BFHEDG
BFHEDA
BFHEGD
BFHEAD
BFHDEI
BFHDEG
BFHDEC
BFHDEA
BFHDGE
BFHDAE
BDEFIH
BDEFHI
BDEFHG
BDEHIF
BDEHFI
BDEHFC
BDEIHG
BDEIHF
BDEIFC
BDEIFH
BDEGHI
BDEGHF
BDECFI
BDECFH
BDGHIF
BDGHIE
BDGHEF
BDGHEI
BDGHEC
BDGHEA
BDGHFE
BDGHFI
BDGHFC
BDGEFI
BDGEFC
BDGEFH
BDGEHI
BDGEHF
BDGEIH
BDGEIF
BDGECF
BDAEFI
BDAEFC
BDAEFH
BDAEHI
BDAEHG
BDAEHF
BDAEIH
BDAEIF
BDAEGH
BDAECF
BDHIFE
BDHIFC
BDHIEF
BDHIEG
BDHIEC
BDHIEA
BDHGEF
BDHGEI
BDHGEC
BDHGEA
BDHEFI
BDHEFC
BDHEIF
BDHECF
BDHFEI
BDHFEG
BDHFEC
BDHFEA
BDHFIE
BDHFCE
total path for B for size 5 = 256
=====================================
BCFEDGH
BCFEDHI
BCFEDHG
BCFEHGD
BCFEHDG
BCFEHDA
BCFEIHG
BCFEIHD
BCFEGHI
BCFEGHD
BCFEGDA
BCFEGDH
BCFEADG
BCFEADH
BCFIHGD
BCFIHGE
BCFIHED
BCFIHEG
BCFIHEA
BCFIHDE
BCFIHDG
BCFIHDA
BCFIEDG
BCFIEDA
BCFIEDH
BCFIEHG
BCFIEHD
BCFIEGH
BCFIEGD
BCFIEAD
BCFHIED
BCFHIEG
BCFHIEA
BCFHGDE
BCFHGDA
BCFHGED
BCFHGEI
BCFHGEA
BCFHEDG
BCFHEDA
BCFHEGD
BCFHEAD
BCFHDEI
BCFHDEG
BCFHDEA
BCFHDGE
BCFHDAE
BCEFIHG
BCEFIHD
BCEFHGD
BCEFHDG
BCEFHDA
BCEDGHI
BCEDGHF
BCEDHIF
BCEDHFI
BCEHGDA
BCEIHGD
BCEIHDG
BCEIHDA
BCEIFHG
BCEIFHD
BCEGHIF
BCEGHFI
BCEGHDA
BCEGDHI
BCEGDHF
BCEADGH
BCEADHI
BCEADHG
BCEADHF
BADEFIH
BADEFHI
BADEFHG
BADEHIF
BADEHFI
BADEHFC
BADEIHG
BADEIHF
BADEIFC
BADEIFH
BADEGHI
BADEGHF
BADECFI
BADECFH
BADGHIF
BADGHIE
BADGHEF
BADGHEI
BADGHEC
BADGHFE
BADGHFI
BADGHFC
BADGEFI
BADGEFC
BADGEFH
BADGEHI
BADGEHF
BADGEIH
BADGEIF
BADGECF
BADHIFE
BADHIFC
BADHIEF
BADHIEG
BADHIEC
BADHGEF
BADHGEI
BADHGEC
BADHEFI
BADHEFC
BADHEIF
BADHECF
BADHFEI
BADHFEG
BADHFEC
BADHFIE
BADHFCE
BAEFIHG
BAEFIHD
BAEFHGD
BAEFHDG
BAEDGHI
BAEDGHF
BAEDHIF
BAEDHFI
BAEDHFC
BAEHIFC
BAEIHGD
BAEIHFC
BAEIHDG
BAEIFHG
BAEIFHD
BAEGHIF
BAEGHFI
BAEGHFC
BAEGDHI
BAEGDHF
BAECFIH
BAECFHI
BAECFHG
BAECFHD
BEFIHGD
BEFIHDG
BEFIHDA
BEFHGDA
BEDGHIF
BEDGHFI
BEDGHFC
BEDHIFC
BEIHGDA
BEIFHGD
BEIFHDG
BEIFHDA
BEGHIFC
BEGDHIF
BEGDHFI
BEGDHFC
BECFIHG
BECFIHD
BECFHGD
BECFHDG
BECFHDA
BEADGHI
BEADGHF
BEADHIF
BEADHFI
BEADHFC
BFEDGHI
BFEHGDA
BFEIHGD
BFEIHDG
BFEIHDA
BFEGHDA
BFEGDHI
BFEADGH
BFEADHI
BFEADHG
BFIHGDE
BFIHGDA
BFIHGED
BFIHGEC
BFIHGEA
BFIHEDG
BFIHEDA
BFIHEGD
BFIHEAD
BFIHDEG
BFIHDEC
BFIHDEA
BFIHDGE
BFIHDAE
BFIEDGH
BFIEDHG
BFIEHGD
BFIEHDG
BFIEHDA
BFIEGHD
BFIEGDA
BFIEGDH
BFIEADG
BFIEADH
BFCEDGH
BFCEDHI
BFCEDHG
BFCEHGD
BFCEHDG
BFCEHDA
BFCEIHG
BFCEIHD
BFCEGHI
BFCEGHD
BFCEGDA
BFCEGDH
BFCEADG
BFCEADH
BFHIEDG
BFHIEDA
BFHIEGD
BFHIEAD
BFHGDEI
BFHGDEC
BFHGDEA
BFHGDAE
BFHGEDA
BFHGEAD
BFHEGDA
BFHEADG
BFHDGEI
BFHDGEC
BFHDGEA
BFHDAEI
BFHDAEG
BFHDAEC
BDEFIHG
BDEHIFC
BDEIHFC
BDEIFHG
BDEGHIF
BDEGHFI
BDEGHFC
BDECFIH
BDECFHI
BDECFHG
BDGHIFE
BDGHIFC
BDGHIEF
BDGHIEC
BDGHIEA
BDGHEFI
BDGHEFC
BDGHEIF
BDGHECF
BDGHFEI
BDGHFEC
BDGHFEA
BDGHFIE
BDGHFCE
BDGEFIH
BDGEFHI
BDGEHIF
BDGEHFI
BDGEHFC
BDGEIHF
BDGEIFC
BDGEIFH
BDGECFI
BDGECFH
BDAEFIH
BDAEFHI
BDAEFHG
BDAEHIF
BDAEHFI
BDAEHFC
BDAEIHG
BDAEIHF
BDAEIFC
BDAEIFH
BDAEGHI
BDAEGHF
BDAECFI
BDAECFH
BDHIFEG
BDHIFEC
BDHIFEA
BDHIFCE
BDHIEFC
BDHIECF
BDHGEFI
BDHGEFC
BDHGEIF
BDHGECF
BDHEIFC
BDHECFI
BDHFIEG
BDHFIEC
BDHFIEA
BDHFCEI
BDHFCEG
BDHFCEA
total path for B for size 6 = 300
=====================================
BCFEDGHI
BCFEHGDA
BCFEIHGD
BCFEIHDG
BCFEIHDA
BCFEGHDA
BCFEGDHI
BCFEADGH
BCFEADHI
BCFEADHG
BCFIHGDE
BCFIHGDA
BCFIHGED
BCFIHGEA
BCFIHEDG
BCFIHEDA
BCFIHEGD
BCFIHEAD
BCFIHDEG
BCFIHDEA
BCFIHDGE
BCFIHDAE
BCFIEDGH
BCFIEDHG
BCFIEHGD
BCFIEHDG
BCFIEHDA
BCFIEGHD
BCFIEGDA
BCFIEGDH
BCFIEADG
BCFIEADH
BCFHIEDG
BCFHIEDA
BCFHIEGD
BCFHIEAD
BCFHGDEI
BCFHGDEA
BCFHGDAE
BCFHGEDA
BCFHGEAD
BCFHEGDA
BCFHEADG
BCFHDGEI
BCFHDGEA
BCFHDAEI
BCFHDAEG
BCEFIHGD
BCEFIHDG
BCEFIHDA
BCEFHGDA
BCEDGHIF
BCEDGHFI
BCEIHGDA
BCEIFHGD
BCEIFHDG
BCEIFHDA
BCEGDHIF
BCEGDHFI
BCEADGHI
BCEADGHF
BCEADHIF
BCEADHFI
BADEFIHG
BADEHIFC
BADEIHFC
BADEIFHG
BADEGHIF
BADEGHFI
BADEGHFC
BADECFIH
BADECFHI
BADECFHG
BADGHIFE
BADGHIFC
BADGHIEF
BADGHIEC
BADGHEFI
BADGHEFC
BADGHEIF
BADGHECF
BADGHFEI
BADGHFEC
BADGHFIE
BADGHFCE
BADGEFIH
BADGEFHI
BADGEHIF
BADGEHFI
BADGEHFC
BADGEIHF
BADGEIFC
BADGEIFH
BADGECFI
BADGECFH
BADHIFEG
BADHIFEC
BADHIFCE
BADHIEFC
BADHIECF
BADHGEFI
BADHGEFC
BADHGEIF
BADHGECF
BADHEIFC
BADHECFI
BADHFIEG
BADHFIEC
BADHFCEI
BADHFCEG
BAEFIHGD
BAEFIHDG
BAEDGHIF
BAEDGHFI
BAEDGHFC
BAEDHIFC
BAEIFHGD
BAEIFHDG
BAEGHIFC
BAEGDHIF
BAEGDHFI
BAEGDHFC
BAECFIHG
BAECFIHD
BAECFHGD
BAECFHDG
BEFIHGDA
BEDGHIFC
BEIFHGDA
BEGDHIFC
BECFIHGD
BECFIHDG
BECFIHDA
BECFHGDA
BEADGHIF
BEADGHFI
BEADGHFC
BEADHIFC
BFEIHGDA
BFEADGHI
BFIHGDEC
BFIHGDEA
BFIHGDAE
BFIHGEDA
BFIHGEAD
BFIHEGDA
BFIHEADG
BFIHDGEC
BFIHDGEA
BFIHDAEG
BFIHDAEC
BFIEHGDA
BFIEGHDA
BFIEADGH
BFIEADHG
BFCEDGHI
BFCEHGDA
BFCEIHGD
BFCEIHDG
BFCEIHDA
BFCEGHDA
BFCEGDHI
BFCEADGH
BFCEADHI
BFCEADHG
BFHIEGDA
BFHIEADG
BFHGDAEI
BFHGDAEC
BDEGHIFC
BDECFIHG
BDGHIFEC
BDGHIFEA
BDGHIFCE
BDGHIEFC
BDGHIECF
BDGHEIFC
BDGHECFI
BDGHFIEC
BDGHFIEA
BDGHFCEI
BDGHFCEA
BDGEHIFC
BDGEIHFC
BDGECFIH
BDGECFHI
BDAEFIHG
BDAEHIFC
BDAEIHFC
BDAEIFHG
BDAEGHIF
BDAEGHFI
BDAEGHFC
BDAECFIH
BDAECFHI
BDAECFHG
BDHIFCEG
BDHIFCEA
BDHGEIFC
BDHGECFI
total path for B for size 7 = 200
=====================================
BCFEIHGDA
BCFEADGHI
BCFIHGDEA
BCFIHGDAE
BCFIHGEDA
BCFIHGEAD
BCFIHEGDA
BCFIHEADG
BCFIHDGEA
BCFIHDAEG
BCFIEHGDA
BCFIEGHDA
BCFIEADGH
BCFIEADHG
BCFHIEGDA
BCFHIEADG
BCFHGDAEI
BCEFIHGDA
BCEIFHGDA
BCEADGHIF
BCEADGHFI
BADEGHIFC
BADECFIHG
BADGHIFEC
BADGHIFCE
BADGHIEFC
BADGHIECF
BADGHEIFC
BADGHECFI
BADGHFIEC
BADGHFCEI
BADGEHIFC
BADGEIHFC
BADGECFIH
BADGECFHI
BADHIFCEG
BADHGEIFC
BADHGECFI
BAEDGHIFC
BAEGDHIFC
BAECFIHGD
BAECFIHDG
BECFIHGDA
BEADGHIFC
BFIHGDAEC
BFCEIHGDA
BFCEADGHI
BDGHIFCEA
BDAEGHIFC
BDAECFIHG
total path for B for size 8 = 50
=====================================
C
total path for C for size 0 = 1
=====================================
CB
CF
CE
total path for C for size 1 = 3
=====================================
CBA
CBE
CBF
CBD
CFE
CFI
CFH
CFB
CEF
CED
CEH
CEB
CEI
CEG
CEA
total path for C for size 2 = 15
=====================================
CBAD
CBAE
CBEF
CBED
CBEH
CBEI
CBEG
CBEA
CBFE
CBFI
CBFH
CBDE
CBDG
CBDA
CBDH
CFED
CFEH
CFEB
CFEI
CFEG
CFEA
CFIH
CFIE
CFHI
CFHG
CFHE
CFHD
CFBA
CFBE
CFBD
CEFI
CEFH
CEFB
CEDG
CEDA
CEDH
CEDB
CEHI
CEHG
CEHF
CEHD
CEBA
CEBF
CEBD
CEIH
CEIF
CEGH
CEGD
CEAB
CEAD
total path for C for size 3 = 50
=====================================
CBADE
CBADG
CBADH
CBAEF
CBAED
CBAEH
CBAEI
CBAEG
CBEFI
CBEFH
CBEDG
CBEDA
CBEDH
CBEHI
CBEHG
CBEHF
CBEHD
CBEIH
CBEIF
CBEGH
CBEGD
CBEAD
CBFED
CBFEH
CBFEI
CBFEG
CBFEA
CBFIH
CBFIE
CBFHI
CBFHG
CBFHE
CBFHD
CBDEF
CBDEH
CBDEI
CBDEG
CBDEA
CBDGH
CBDGE
CBDAE
CBDHI
CBDHG
CBDHE
CBDHF
CFEDG
CFEDA
CFEDH
CFEDB
CFEHI
CFEHG
CFEHD
CFEBA
CFEBD
CFEIH
CFEGH
CFEGD
CFEAB
CFEAD
CFIHG
CFIHE
CFIHD
CFIED
CFIEH
CFIEB
CFIEG
CFIEA
CFHIE
CFHGD
CFHGE
CFHED
CFHEB
CFHEI
CFHEG
CFHEA
CFHDE
CFHDG
CFHDA
CFHDB
CFBAD
CFBAE
CFBED
CFBEH
CFBEI
CFBEG
CFBEA
CFBDE
CFBDG
CFBDA
CFBDH
CEFIH
CEFHI
CEFHG
CEFHD
CEFBA
CEFBD
CEDGH
CEDAB
CEDHI
CEDHG
CEDHF
CEDBA
CEDBF
CEHIF
CEHGD
CEHFI
CEHFB
CEHDG
CEHDA
CEHDB
CEBAD
CEBFI
CEBFH
CEBDG
CEBDA
CEBDH
CEIHG
CEIHF
CEIHD
CEIFH
CEIFB
CEGHI
CEGHF
CEGHD
CEGDA
CEGDH
CEGDB
CEABF
CEABD
CEADG
CEADH
CEADB
total path for C for size 4 = 132
=====================================
CBADEF
CBADEH
CBADEI
CBADEG
CBADGH
CBADGE
CBADHI
CBADHG
CBADHE
CBADHF
CBAEFI
CBAEFH
CBAEDG
CBAEDH
CBAEHI
CBAEHG
CBAEHF
CBAEHD
CBAEIH
CBAEIF
CBAEGH
CBAEGD
CBEFIH
CBEFHI
CBEFHG
CBEFHD
CBEDGH
CBEDHI
CBEDHG
CBEDHF
CBEHIF
CBEHGD
CBEHFI
CBEHDG
CBEHDA
CBEIHG
CBEIHF
CBEIHD
CBEIFH
CBEGHI
CBEGHF
CBEGHD
CBEGDA
CBEGDH
CBEADG
CBEADH
CBFEDG
CBFEDA
CBFEDH
CBFEHI
CBFEHG
CBFEHD
CBFEIH
CBFEGH
CBFEGD
CBFEAD
CBFIHG
CBFIHE
CBFIHD
CBFIED
CBFIEH
CBFIEG
CBFIEA
CBFHIE
CBFHGD
CBFHGE
CBFHED
CBFHEI
CBFHEG
CBFHEA
CBFHDE
CBFHDG
CBFHDA
CBDEFI
CBDEFH
CBDEHI
CBDEHG
CBDEHF
CBDEIH
CBDEIF
CBDEGH
CBDGHI
CBDGHE
CBDGHF
CBDGEF
CBDGEH
CBDGEI
CBDGEA
CBDAEF
CBDAEH
CBDAEI
CBDAEG
CBDHIF
CBDHIE
CBDHGE
CBDHEF
CBDHEI
CBDHEG
CBDHEA
CBDHFE
CBDHFI
CFEDGH
CFEDAB
CFEDHI
CFEDHG
CFEDBA
CFEHGD
CFEHDG
CFEHDA
CFEHDB
CFEBAD
CFEBDG
CFEBDA
CFEBDH
CFEIHG
CFEIHD
CFEGHI
CFEGHD
CFEGDA
CFEGDH
CFEGDB
CFEABD
CFEADG
CFEADH
CFEADB
CFIHGD
CFIHGE
CFIHED
CFIHEB
CFIHEG
CFIHEA
CFIHDE
CFIHDG
CFIHDA
CFIHDB
CFIEDG
CFIEDA
CFIEDH
CFIEDB
CFIEHG
CFIEHD
CFIEBA
CFIEBD
CFIEGH
CFIEGD
CFIEAB
CFIEAD
CFHIED
CFHIEB
CFHIEG
CFHIEA
CFHGDE
CFHGDA
CFHGDB
CFHGED
CFHGEB
CFHGEI
CFHGEA
CFHEDG
CFHEDA
CFHEDB
CFHEBA
CFHEBD
CFHEGD
CFHEAB
CFHEAD
CFHDEB
CFHDEI
CFHDEG
CFHDEA
CFHDGE
CFHDAB
CFHDAE
CFHDBA
CFHDBE
CFBADE
CFBADG
CFBADH
CFBAED
CFBAEH
CFBAEI
CFBAEG
CFBEDG
CFBEDA
CFBEDH
CFBEHI
CFBEHG
CFBEHD
CFBEIH
CFBEGH
CFBEGD
CFBEAD
CFBDEH
CFBDEI
CFBDEG
CFBDEA
CFBDGH
CFBDGE
CFBDAE
CFBDHI
CFBDHG
CFBDHE
CEFIHG
CEFIHD
CEFHGD
CEFHDG
CEFHDA
CEFHDB
CEFBAD
CEFBDG
CEFBDA
CEFBDH
CEDGHI
CEDGHF
CEDABF
CEDHIF
CEDHFI
CEDHFB
CEDBFI
CEDBFH
CEHIFB
CEHGDA
CEHGDB
CEHFBA
CEHFBD
CEHDAB
CEHDBA
CEHDBF
CEBADG
CEBADH
CEBFIH
CEBFHI
CEBFHG
CEBFHD
CEBDGH
CEBDHI
CEBDHG
CEBDHF
CEIHGD
CEIHFB
CEIHDG
CEIHDA
CEIHDB
CEIFHG
CEIFHD
CEIFBA
CEIFBD
CEGHIF
CEGHFI
CEGHFB
CEGHDA
CEGHDB
CEGDAB
CEGDHI
CEGDHF
CEGDBA
CEGDBF
CEABFI
CEABFH
CEABDG
CEABDH
CEADGH
CEADHI
CEADHG
CEADHF
CEADBF
total path for C for size 5 = 266
=====================================
CBADEFI
CBADEFH
CBADEHI
CBADEHG
CBADEHF
CBADEIH
CBADEIF
CBADEGH
CBADGHI
CBADGHE
CBADGHF
CBADGEF
CBADGEH
CBADGEI
CBADHIF
CBADHIE
CBADHGE
CBADHEF
CBADHEI
CBADHEG
CBADHFE
CBADHFI
CBAEFIH
CBAEFHI
CBAEFHG
CBAEFHD
CBAEDGH
CBAEDHI
CBAEDHG
CBAEDHF
CBAEHIF
CBAEHGD
CBAEHFI
CBAEHDG
CBAEIHG
CBAEIHF
CBAEIHD
CBAEIFH
CBAEGHI
CBAEGHF
CBAEGHD
CBAEGDH
CBEFIHG
CBEFIHD
CBEFHGD
CBEFHDG
CBEFHDA
CBEDGHI
CBEDGHF
CBEDHIF
CBEDHFI
CBEHGDA
CBEIHGD
CBEIHDG
CBEIHDA
CBEIFHG
CBEIFHD
CBEGHIF
CBEGHFI
CBEGHDA
CBEGDHI
CBEGDHF
CBEADGH
CBEADHI
CBEADHG
CBEADHF
CBFEDGH
CBFEDHI
CBFEDHG
CBFEHGD
CBFEHDG
CBFEHDA
CBFEIHG
CBFEIHD
CBFEGHI
CBFEGHD
CBFEGDA
CBFEGDH
CBFEADG
CBFEADH
CBFIHGD
CBFIHGE
CBFIHED
CBFIHEG
CBFIHEA
CBFIHDE
CBFIHDG
CBFIHDA
CBFIEDG
CBFIEDA
CBFIEDH
CBFIEHG
CBFIEHD
CBFIEGH
CBFIEGD
CBFIEAD
CBFHIED
CBFHIEG
CBFHIEA
CBFHGDE
CBFHGDA
CBFHGED
CBFHGEI
CBFHGEA
CBFHEDG
CBFHEDA
CBFHEGD
CBFHEAD
CBFHDEI
CBFHDEG
CBFHDEA
CBFHDGE
CBFHDAE
CBDEFIH
CBDEFHI
CBDEFHG
CBDEHIF
CBDEHFI
CBDEIHG
CBDEIHF
CBDEIFH
CBDEGHI
CBDEGHF
CBDGHIF
CBDGHIE
CBDGHEF
CBDGHEI
CBDGHEA
CBDGHFE
CBDGHFI
CBDGEFI
CBDGEFH
CBDGEHI
CBDGEHF
CBDGEIH
CBDGEIF
CBDAEFI
CBDAEFH
CBDAEHI
CBDAEHG
CBDAEHF
CBDAEIH
CBDAEIF
CBDAEGH
CBDHIFE
CBDHIEF
CBDHIEG
CBDHIEA
CBDHGEF
CBDHGEI
CBDHGEA
CBDHEFI
CBDHEIF
CBDHFEI
CBDHFEG
CBDHFEA
CBDHFIE
CFEDGHI
CFEHGDA
CFEHGDB
CFEHDAB
CFEHDBA
CFEBADG
CFEBADH
CFEBDGH
CFEBDHI
CFEBDHG
CFEIHGD
CFEIHDG
CFEIHDA
CFEIHDB
CFEGHDA
CFEGHDB
CFEGDAB
CFEGDHI
CFEGDBA
CFEABDG
CFEABDH
CFEADGH
CFEADHI
CFEADHG
CFIHGDE
CFIHGDA
CFIHGDB
CFIHGED
CFIHGEB
CFIHGEA
CFIHEDG
CFIHEDA
CFIHEDB
CFIHEBA
CFIHEBD
CFIHEGD
CFIHEAB
CFIHEAD
CFIHDEB
CFIHDEG
CFIHDEA
CFIHDGE
CFIHDAB
CFIHDAE
CFIHDBA
CFIHDBE
CFIEDGH
CFIEDAB
CFIEDHG
CFIEDBA
CFIEHGD
CFIEHDG
CFIEHDA
CFIEHDB
CFIEBAD
CFIEBDG
CFIEBDA
CFIEBDH
CFIEGHD
CFIEGDA
CFIEGDH
CFIEGDB
CFIEABD
CFIEADG
CFIEADH
CFIEADB
CFHIEDG
CFHIEDA
CFHIEDB
CFHIEBA
CFHIEBD
CFHIEGD
CFHIEAB
CFHIEAD
CFHGDEB
CFHGDEI
CFHGDEA
CFHGDAB
CFHGDAE
CFHGDBA
CFHGDBE
CFHGEDA
CFHGEDB
CFHGEBA
CFHGEBD
CFHGEAB
CFHGEAD
CFHEDAB
CFHEDBA
CFHEBAD
CFHEBDG
CFHEBDA
CFHEGDA
CFHEGDB
CFHEABD
CFHEADG
CFHEADB
CFHDEBA
CFHDEAB
CFHDGEB
CFHDGEI
CFHDGEA
CFHDABE
CFHDAEB
CFHDAEI
CFHDAEG
CFHDBAE
CFHDBEI
CFHDBEG
CFHDBEA
CFBADEH
CFBADEI
CFBADEG
CFBADGH
CFBADGE
CFBADHI
CFBADHG
CFBADHE
CFBAEDG
CFBAEDH
CFBAEHI
CFBAEHG
CFBAEHD
CFBAEIH
CFBAEGH
CFBAEGD
CFBEDGH
CFBEDHI
CFBEDHG
CFBEHGD
CFBEHDG
CFBEHDA
CFBEIHG
CFBEIHD
CFBEGHI
CFBEGHD
CFBEGDA
CFBEGDH
CFBEADG
CFBEADH
CFBDEHI
CFBDEHG
CFBDEIH
CFBDEGH
CFBDGHI
CFBDGHE
CFBDGEH
CFBDGEI
CFBDGEA
CFBDAEH
CFBDAEI
CFBDAEG
CFBDHIE
CFBDHGE
CFBDHEI
CFBDHEG
CFBDHEA
CEFIHGD
CEFIHDG
CEFIHDA
CEFIHDB
CEFHGDA
CEFHGDB
CEFHDAB
CEFHDBA
CEFBADG
CEFBADH
CEFBDGH
CEFBDHI
CEFBDHG
CEDGHIF
CEDGHFI
CEDGHFB
CEDABFI
CEDABFH
CEDHIFB
CEDHFBA
CEDBFIH
CEDBFHI
CEDBFHG
CEHIFBA
CEHIFBD
CEHGDAB
CEHGDBA
CEHGDBF
CEHFBAD
CEHFBDG
CEHFBDA
CEHDABF
CEHDBFI
CEBADGH
CEBADHI
CEBADHG
CEBADHF
CEBFIHG
CEBFIHD
CEBFHGD
CEBFHDG
CEBFHDA
CEBDGHI
CEBDGHF
CEBDHIF
CEBDHFI
CEIHGDA
CEIHGDB
CEIHFBA
CEIHFBD
CEIHDAB
CEIHDBA
CEIHDBF
CEIFHGD
CEIFHDG
CEIFHDA
CEIFHDB
CEIFBAD
CEIFBDG
CEIFBDA
CEIFBDH
CEGHIFB
CEGHFBA
CEGHFBD
CEGHDAB
CEGHDBA
CEGHDBF
CEGDABF
CEGDHIF
CEGDHFI
CEGDHFB
CEGDBFI
CEGDBFH
CEABFIH
CEABFHI
CEABFHG
CEABFHD
CEABDGH
CEABDHI
CEABDHG
CEABDHF
CEADGHI
CEADGHF
CEADHIF
CEADHFI
CEADHFB
CEADBFI
CEADBFH
total path for C for size 6 = 402
=====================================
CBADEFIH
CBADEFHI
CBADEFHG
CBADEHIF
CBADEHFI
CBADEIHG
CBADEIHF
CBADEIFH
CBADEGHI
CBADEGHF
CBADGHIF
CBADGHIE
CBADGHEF
CBADGHEI
CBADGHFE
CBADGHFI
CBADGEFI
CBADGEFH
CBADGEHI
CBADGEHF
CBADGEIH
CBADGEIF
CBADHIFE
CBADHIEF
CBADHIEG
CBADHGEF
CBADHGEI
CBADHEFI
CBADHEIF
CBADHFEI
CBADHFEG
CBADHFIE
CBAEFIHG
CBAEFIHD
CBAEFHGD
CBAEFHDG
CBAEDGHI
CBAEDGHF
CBAEDHIF
CBAEDHFI
CBAEIHGD
CBAEIHDG
CBAEIFHG
CBAEIFHD
CBAEGHIF
CBAEGHFI
CBAEGDHI
CBAEGDHF
CBEFIHGD
CBEFIHDG
CBEFIHDA
CBEFHGDA
CBEDGHIF
CBEDGHFI
CBEIHGDA
CBEIFHGD
CBEIFHDG
CBEIFHDA
CBEGDHIF
CBEGDHFI
CBEADGHI
CBEADGHF
CBEADHIF
CBEADHFI
CBFEDGHI
CBFEHGDA
CBFEIHGD
CBFEIHDG
CBFEIHDA
CBFEGHDA
CBFEGDHI
CBFEADGH
CBFEADHI
CBFEADHG
CBFIHGDE
CBFIHGDA
CBFIHGED
CBFIHGEA
CBFIHEDG
CBFIHEDA
CBFIHEGD
CBFIHEAD
CBFIHDEG
CBFIHDEA
CBFIHDGE
CBFIHDAE
CBFIEDGH
CBFIEDHG
CBFIEHGD
CBFIEHDG
CBFIEHDA
CBFIEGHD
CBFIEGDA
CBFIEGDH
CBFIEADG
CBFIEADH
CBFHIEDG
CBFHIEDA
CBFHIEGD
CBFHIEAD
CBFHGDEI
CBFHGDEA
CBFHGDAE
CBFHGEDA
CBFHGEAD
CBFHEGDA
CBFHEADG
CBFHDGEI
CBFHDGEA
CBFHDAEI
CBFHDAEG
CBDEFIHG
CBDEIFHG
CBDEGHIF
CBDEGHFI
CBDGHIFE
CBDGHIEF
CBDGHIEA
CBDGHEFI
CBDGHEIF
CBDGHFEI
CBDGHFEA
CBDGHFIE
CBDGEFIH
CBDGEFHI
CBDGEHIF
CBDGEHFI
CBDGEIHF
CBDGEIFH
CBDAEFIH
CBDAEFHI
CBDAEFHG
CBDAEHIF
CBDAEHFI
CBDAEIHG
CBDAEIHF
CBDAEIFH
CBDAEGHI
CBDAEGHF
CBDHIFEG
CBDHIFEA
CBDHGEFI
CBDHGEIF
CBDHFIEG
CBDHFIEA
CFEHGDAB
CFEHGDBA
CFEBADGH
CFEBADHI
CFEBADHG
CFEBDGHI
CFEIHGDA
CFEIHGDB
CFEIHDAB
CFEIHDBA
CFEGHDAB
CFEGHDBA
CFEABDGH
CFEABDHI
CFEABDHG
CFEADGHI
CFIHGDEB
CFIHGDEA
CFIHGDAB
CFIHGDAE
CFIHGDBA
CFIHGDBE
CFIHGEDA
CFIHGEDB
CFIHGEBA
CFIHGEBD
CFIHGEAB
CFIHGEAD
CFIHEDAB
CFIHEDBA
CFIHEBAD
CFIHEBDG
CFIHEBDA
CFIHEGDA
CFIHEGDB
CFIHEABD
CFIHEADG
CFIHEADB
CFIHDEBA
CFIHDEAB
CFIHDGEB
CFIHDGEA
CFIHDABE
CFIHDAEB
CFIHDAEG
CFIHDBAE
CFIHDBEG
CFIHDBEA
CFIEHGDA
CFIEHGDB
CFIEHDAB
CFIEHDBA
CFIEBADG
CFIEBADH
CFIEBDGH
CFIEBDHG
CFIEGHDA
CFIEGHDB
CFIEGDAB
CFIEGDBA
CFIEABDG
CFIEABDH
CFIEADGH
CFIEADHG
CFHIEDAB
CFHIEDBA
CFHIEBAD
CFHIEBDG
CFHIEBDA
CFHIEGDA
CFHIEGDB
CFHIEABD
CFHIEADG
CFHIEADB
CFHGDEBA
CFHGDEAB
CFHGDABE
CFHGDAEB
CFHGDAEI
CFHGDBAE
CFHGDBEI
CFHGDBEA
CFHGEDAB
CFHGEDBA
CFHGEBAD
CFHGEBDA
CFHGEABD
CFHGEADB
CFHEBADG
CFHEGDAB
CFHEGDBA
CFHEABDG
CFHDGEBA
CFHDGEAB
CFHDABEI
CFHDABEG
CFHDBAEI
CFHDBAEG
CFBADEHI
CFBADEHG
CFBADEIH
CFBADEGH
CFBADGHI
CFBADGHE
CFBADGEH
CFBADGEI
CFBADHIE
CFBADHGE
CFBADHEI
CFBADHEG
CFBAEDGH
CFBAEDHI
CFBAEDHG
CFBAEHGD
CFBAEHDG
CFBAEIHG
CFBAEIHD
CFBAEGHI
CFBAEGHD
CFBAEGDH
CFBEDGHI
CFBEHGDA
CFBEIHGD
CFBEIHDG
CFBEIHDA
CFBEGHDA
CFBEGDHI
CFBEADGH
CFBEADHI
CFBEADHG
CFBDEIHG
CFBDEGHI
CFBDGHIE
CFBDGHEI
CFBDGHEA
CFBDGEHI
CFBDGEIH
CFBDAEHI
CFBDAEHG
CFBDAEIH
CFBDAEGH
CFBDHIEG
CFBDHIEA
CFBDHGEI
CFBDHGEA
CEFIHGDA
CEFIHGDB
CEFIHDAB
CEFIHDBA
CEFHGDAB
CEFHGDBA
CEFBADGH
CEFBADHI
CEFBADHG
CEFBDGHI
CEDGHIFB
CEDGHFBA
CEDABFIH
CEDABFHI
CEDABFHG
CEDHIFBA
CEDBFIHG
CEHIFBAD
CEHIFBDG
CEHIFBDA
CEHGDABF
CEHGDBFI
CEHFBADG
CEHDABFI
CEBADGHI
CEBADGHF
CEBADHIF
CEBADHFI
CEBFIHGD
CEBFIHDG
CEBFIHDA
CEBFHGDA
CEBDGHIF
CEBDGHFI
CEIHGDAB
CEIHGDBA
CEIHGDBF
CEIHFBAD
CEIHFBDG
CEIHFBDA
CEIHDABF
CEIFHGDA
CEIFHGDB
CEIFHDAB
CEIFHDBA
CEIFBADG
CEIFBADH
CEIFBDGH
CEIFBDHG
CEGHIFBA
CEGHIFBD
CEGHFBAD
CEGHFBDA
CEGHDABF
CEGHDBFI
CEGDABFI
CEGDABFH
CEGDHIFB
CEGDHFBA
CEGDBFIH
CEGDBFHI
CEABFIHG
CEABFIHD
CEABFHGD
CEABFHDG
CEABDGHI
CEABDGHF
CEABDHIF
CEABDHFI
CEADGHIF
CEADGHFI
CEADGHFB
CEADHIFB
CEADBFIH
CEADBFHI
CEADBFHG
total path for C for size 7 = 366
=====================================
CBADEFIHG
CBADEIFHG
CBADEGHIF
CBADEGHFI
CBADGHIFE
CBADGHIEF
CBADGHEFI
CBADGHEIF
CBADGHFEI
CBADGHFIE
CBADGEFIH
CBADGEFHI
CBADGEHIF
CBADGEHFI
CBADGEIHF
CBADGEIFH
CBADHIFEG
CBADHGEFI
CBADHGEIF
CBADHFIEG
CBAEFIHGD
CBAEFIHDG
CBAEDGHIF
CBAEDGHFI
CBAEIFHGD
CBAEIFHDG
CBAEGDHIF
CBAEGDHFI
CBEFIHGDA
CBEIFHGDA
CBEADGHIF
CBEADGHFI
CBFEIHGDA
CBFEADGHI
CBFIHGDEA
CBFIHGDAE
CBFIHGEDA
CBFIHGEAD
CBFIHEGDA
CBFIHEADG
CBFIHDGEA
CBFIHDAEG
CBFIEHGDA
CBFIEGHDA
CBFIEADGH
CBFIEADHG
CBFHIEGDA
CBFHIEADG
CBFHGDAEI
CBDGHIFEA
CBDGHFIEA
CBDAEFIHG
CBDAEIFHG
CBDAEGHIF
CBDAEGHFI
CFEBADGHI
CFEIHGDAB
CFEIHGDBA
CFEABDGHI
CFIHGDEBA
CFIHGDEAB
CFIHGDABE
CFIHGDAEB
CFIHGDBAE
CFIHGDBEA
CFIHGEDAB
CFIHGEDBA
CFIHGEBAD
CFIHGEBDA
CFIHGEABD
CFIHGEADB
CFIHEBADG
CFIHEGDAB
CFIHEGDBA
CFIHEABDG
CFIHDGEBA
CFIHDGEAB
CFIHDABEG
CFIHDBAEG
CFIEHGDAB
CFIEHGDBA
CFIEBADGH
CFIEBADHG
CFIEGHDAB
CFIEGHDBA
CFIEABDGH
CFIEABDHG
CFHIEBADG
CFHIEGDAB
CFHIEGDBA
CFHIEABDG
CFHGDABEI
CFHGDBAEI
CFBADEIHG
CFBADEGHI
CFBADGHIE
CFBADGHEI
CFBADGEHI
CFBADGEIH
CFBADHIEG
CFBADHGEI
CFBAEDGHI
CFBAEIHGD
CFBAEIHDG
CFBAEGDHI
CFBEIHGDA
CFBEADGHI
CFBDGHIEA
CFBDAEIHG
CFBDAEGHI
CEFIHGDAB
CEFIHGDBA
CEFBADGHI
CEDGHIFBA
CEDABFIHG
CEHIFBADG
CEHGDABFI
CEBADGHIF
CEBADGHFI
CEBFIHGDA
CEIHGDABF
CEIHFBADG
CEIFHGDAB
CEIFHGDBA
CEIFBADGH
CEIFBADHG
CEGHIFBAD
CEGHIFBDA
CEGHDABFI
CEGDABFIH
CEGDABFHI
CEGDHIFBA
CEABFIHGD
CEABFIHDG
CEABDGHIF
CEABDGHFI
CEADGHIFB
CEADBFIHG
total path for C for size 8 = 138
=====================================
D
total path for D for size 0 = 1
=====================================
DE
DG
DA
DH
DB
total path for D for size 1 = 5
=====================================
DEF
DEH
DEB
DEI
DEG
DEC
DEA
DGH
DGE
DAB
DAE
DHI
DHG
DHE
DHF
DBC
DBA
DBE
DBF
total path for D for size 2 = 19
=====================================
DEFI
DEFC
DEFH
DEFB
DEHI
DEHG
DEHF
DEBC
DEBA
DEBF
DEIH
DEIF
DEGH
DECB
DECF
DEAB
DGHI
DGHE
DGHF
DGEF
DGEH
DGEB
DGEI
DGEC
DGEA
DABC
DABE
DABF
DAEF
DAEH
DAEB
DAEI
DAEG
DAEC
DHIF
DHIE
DHGE
DHEF
DHEB
DHEI
DHEG
DHEC
DHEA
DHFE
DHFI
DHFC
DHFB
DBCF
DBCE
DBAE
DBEF
DBEH
DBEI
DBEG
DBEC
DBEA
DBFE
DBFI
DBFC
DBFH
total path for D for size 3 = 60
=====================================
DEFIH
DEFCB
DEFHI
DEFHG
DEFBC
DEFBA
DEHIF
DEHFI
DEHFC
DEHFB
DEBCF
DEBFI
DEBFC
DEBFH
DEIHG
DEIHF
DEIFC
DEIFH
DEIFB
DEGHI
DEGHF
DECBA
DECBF
DECFI
DECFH
DECFB
DEABC
DEABF
DGHIF
DGHIE
DGHEF
DGHEB
DGHEI
DGHEC
DGHEA
DGHFE
DGHFI
DGHFC
DGHFB
DGEFI
DGEFC
DGEFH
DGEFB
DGEHI
DGEHF
DGEBC
DGEBA
DGEBF
DGEIH
DGEIF
DGECB
DGECF
DGEAB
DABCF
DABCE
DABEF
DABEH
DABEI
DABEG
DABEC
DABFE
DABFI
DABFC
DABFH
DAEFI
DAEFC
DAEFH
DAEFB
DAEHI
DAEHG
DAEHF
DAEBC
DAEBF
DAEIH
DAEIF
DAEGH
DAECB
DAECF
DHIFE
DHIFC
DHIFB
DHIEF
DHIEB
DHIEG
DHIEC
DHIEA
DHGEF
DHGEB
DHGEI
DHGEC
DHGEA
DHEFI
DHEFC
DHEFB
DHEBC
DHEBA
DHEBF
DHEIF
DHECB
DHECF
DHEAB
DHFEB
DHFEI
DHFEG
DHFEC
DHFEA
DHFIE
DHFCB
DHFCE
DHFBC
DHFBA
DHFBE
DBCFE
DBCFI
DBCFH
DBCEF
DBCEH
DBCEI
DBCEG
DBCEA
DBAEF
DBAEH
DBAEI
DBAEG
DBAEC
DBEFI
DBEFC
DBEFH
DBEHI
DBEHG
DBEHF
DBEIH
DBEIF
DBEGH
DBECF
DBFEH
DBFEI
DBFEG
DBFEC
DBFEA
DBFIH
DBFIE
DBFCE
DBFHI
DBFHG
DBFHE
total path for D for size 4 = 146
=====================================
DEFIHG
DEFCBA
DEHIFC
DEHIFB
DEHFCB
DEHFBC
DEHFBA
DEBCFI
DEBCFH
DEBFIH
DEBFHI
DEBFHG
DEIHFC
DEIHFB
DEIFCB
DEIFHG
DEIFBC
DEIFBA
DEGHIF
DEGHFI
DEGHFC
DEGHFB
DECBFI
DECBFH
DECFIH
DECFHI
DECFHG
DECFBA
DEABCF
DEABFI
DEABFC
DEABFH
DGHIFE
DGHIFC
DGHIFB
DGHIEF
DGHIEB
DGHIEC
DGHIEA
DGHEFI
DGHEFC
DGHEFB
DGHEBC
DGHEBA
DGHEBF
DGHEIF
DGHECB
DGHECF
DGHEAB
DGHFEB
DGHFEI
DGHFEC
DGHFEA
DGHFIE
DGHFCB
DGHFCE
DGHFBC
DGHFBA
DGHFBE
DGEFIH
DGEFCB
DGEFHI
DGEFBC
DGEFBA
DGEHIF
DGEHFI
DGEHFC
DGEHFB
DGEBCF
DGEBFI
DGEBFC
DGEBFH
DGEIHF
DGEIFC
DGEIFH
DGEIFB
DGECBA
DGECBF
DGECFI
DGECFH
DGECFB
DGEABC
DGEABF
DABCFE
DABCFI
DABCFH
DABCEF
DABCEH
DABCEI
DABCEG
DABEFI
DABEFC
DABEFH
DABEHI
DABEHG
DABEHF
DABEIH
DABEIF
DABEGH
DABECF
DABFEH
DABFEI
DABFEG
DABFEC
DABFIH
DABFIE
DABFCE
DABFHI
DABFHG
DABFHE
DAEFIH
DAEFCB
DAEFHI
DAEFHG
DAEFBC
DAEHIF
DAEHFI
DAEHFC
DAEHFB
DAEBCF
DAEBFI
DAEBFC
DAEBFH
DAEIHG
DAEIHF
DAEIFC
DAEIFH
DAEIFB
DAEGHI
DAEGHF
DAECBF
DAECFI
DAECFH
DAECFB
DHIFEB
DHIFEG
DHIFEC
DHIFEA
DHIFCB
DHIFCE
DHIFBC
DHIFBA
DHIFBE
DHIEFC
DHIEFB
DHIEBC
DHIEBA
DHIEBF
DHIECB
DHIECF
DHIEAB
DHGEFI
DHGEFC
DHGEFB
DHGEBC
DHGEBA
DHGEBF
DHGEIF
DHGECB
DHGECF
DHGEAB
DHEFCB
DHEFBC
DHEFBA
DHEBCF
DHEBFI
DHEBFC
DHEIFC
DHEIFB
DHECBA
DHECBF
DHECFI
DHECFB
DHEABC
DHEABF
DHFEBC
DHFEBA
DHFECB
DHFEAB
DHFIEB
DHFIEG
DHFIEC
DHFIEA
DHFCBA
DHFCBE
DHFCEB
DHFCEI
DHFCEG
DHFCEA
DHFBCE
DHFBAE
DHFBEI
DHFBEG
DHFBEC
DHFBEA
DBCFEH
DBCFEI
DBCFEG
DBCFEA
DBCFIH
DBCFIE
DBCFHI
DBCFHG
DBCFHE
DBCEFI
DBCEFH
DBCEHI
DBCEHG
DBCEHF
DBCEIH
DBCEIF
DBCEGH
DBAEFI
DBAEFC
DBAEFH
DBAEHI
DBAEHG
DBAEHF
DBAEIH
DBAEIF
DBAEGH
DBAECF
DBEFIH
DBEFHI
DBEFHG
DBEHIF
DBEHFI
DBEHFC
DBEIHG
DBEIHF
DBEIFC
DBEIFH
DBEGHI
DBEGHF
DBECFI
DBECFH
DBFEHI
DBFEHG
DBFEIH
DBFEGH
DBFIHG
DBFIHE
DBFIEH
DBFIEG
DBFIEC
DBFIEA
DBFCEH
DBFCEI
DBFCEG
DBFCEA
DBFHIE
DBFHGE
DBFHEI
DBFHEG
DBFHEC
DBFHEA
total path for D for size 5 = 256
=====================================
DEHIFCB
DEHIFBC
DEHIFBA
DEHFCBA
DEBCFIH
DEBCFHI
DEBCFHG
DEBFIHG
DEIHFCB
DEIHFBC
DEIHFBA
DEIFCBA
DEGHIFC
DEGHIFB
DEGHFCB
DEGHFBC
DEGHFBA
DECBFIH
DECBFHI
DECBFHG
DECFIHG
DEABCFI
DEABCFH
DEABFIH
DEABFHI
DEABFHG
DGHIFEB
DGHIFEC
DGHIFEA
DGHIFCB
DGHIFCE
DGHIFBC
DGHIFBA
DGHIFBE
DGHIEFC
DGHIEFB
DGHIEBC
DGHIEBA
DGHIEBF
DGHIECB
DGHIECF
DGHIEAB
DGHEFCB
DGHEFBC
DGHEFBA
DGHEBCF
DGHEBFI
DGHEBFC
DGHEIFC
DGHEIFB
DGHECBA
DGHECBF
DGHECFI
DGHECFB
DGHEABC
DGHEABF
DGHFEBC
DGHFEBA
DGHFECB
DGHFEAB
DGHFIEB
DGHFIEC
DGHFIEA
DGHFCBA
DGHFCBE
DGHFCEB
DGHFCEI
DGHFCEA
DGHFBCE
DGHFBAE
DGHFBEI
DGHFBEC
DGHFBEA
DGEFCBA
DGEHIFC
DGEHIFB
DGEHFCB
DGEHFBC
DGEHFBA
DGEBCFI
DGEBCFH
DGEBFIH
DGEBFHI
DGEIHFC
DGEIHFB
DGEIFCB
DGEIFBC
DGEIFBA
DGECBFI
DGECBFH
DGECFIH
DGECFHI
DGECFBA
DGEABCF
DGEABFI
DGEABFC
DGEABFH
DABCFEH
DABCFEI
DABCFEG
DABCFIH
DABCFIE
DABCFHI
DABCFHG
DABCFHE
DABCEFI
DABCEFH
DABCEHI
DABCEHG
DABCEHF
DABCEIH
DABCEIF
DABCEGH
DABEFIH
DABEFHI
DABEFHG
DABEHIF
DABEHFI
DABEHFC
DABEIHG
DABEIHF
DABEIFC
DABEIFH
DABEGHI
DABEGHF
DABECFI
DABECFH
DABFEHI
DABFEHG
DABFEIH
DABFEGH
DABFIHG
DABFIHE
DABFIEH
DABFIEG
DABFIEC
DABFCEH
DABFCEI
DABFCEG
DABFHIE
DABFHGE
DABFHEI
DABFHEG
DABFHEC
DAEFIHG
DAEHIFC
DAEHIFB
DAEHFCB
DAEHFBC
DAEBCFI
DAEBCFH
DAEBFIH
DAEBFHI
DAEBFHG
DAEIHFC
DAEIHFB
DAEIFCB
DAEIFHG
DAEIFBC
DAEGHIF
DAEGHFI
DAEGHFC
DAEGHFB
DAECBFI
DAECBFH
DAECFIH
DAECFHI
DAECFHG
DHIFEBC
DHIFEBA
DHIFECB
DHIFEAB
DHIFCBA
DHIFCBE
DHIFCEB
DHIFCEG
DHIFCEA
DHIFBCE
DHIFBAE
DHIFBEG
DHIFBEC
DHIFBEA
DHIEFCB
DHIEFBC
DHIEFBA
DHIEBCF
DHIEBFC
DHIECBA
DHIECBF
DHIECFB
DHIEABC
DHIEABF
DHGEFCB
DHGEFBC
DHGEFBA
DHGEBCF
DHGEBFI
DHGEBFC
DHGEIFC
DHGEIFB
DHGECBA
DHGECBF
DHGECFI
DHGECFB
DHGEABC
DHGEABF
DHEFCBA
DHEBCFI
DHEIFCB
DHEIFBC
DHEIFBA
DHECBFI
DHECFBA
DHEABCF
DHEABFI
DHEABFC
DHFECBA
DHFEABC
DHFIEBC
DHFIEBA
DHFIECB
DHFIEAB
DHFCBAE
DHFCBEI
DHFCBEG
DHFCBEA
DHFCEBA
DHFCEAB
DHFBCEI
DHFBCEG
DHFBCEA
DHFBAEI
DHFBAEG
DHFBAEC
DBCFEHI
DBCFEHG
DBCFEIH
DBCFEGH
DBCFIHG
DBCFIHE
DBCFIEH
DBCFIEG
DBCFIEA
DBCFHIE
DBCFHGE
DBCFHEI
DBCFHEG
DBCFHEA
DBCEFIH
DBCEFHI
DBCEFHG
DBCEHIF
DBCEHFI
DBCEIHG
DBCEIHF
DBCEIFH
DBCEGHI
DBCEGHF
DBAEFIH
DBAEFHI
DBAEFHG
DBAEHIF
DBAEHFI
DBAEHFC
DBAEIHG
DBAEIHF
DBAEIFC
DBAEIFH
DBAEGHI
DBAEGHF
DBAECFI
DBAECFH
DBEFIHG
DBEHIFC
DBEIHFC
DBEIFHG
DBEGHIF
DBEGHFI
DBEGHFC
DBECFIH
DBECFHI
DBECFHG
DBFEIHG
DBFEGHI
DBFIHGE
DBFIHEG
DBFIHEC
DBFIHEA
DBFIEHG
DBFIEGH
DBFCEHI
DBFCEHG
DBFCEIH
DBFCEGH
DBFHIEG
DBFHIEC
DBFHIEA
DBFHGEI
DBFHGEC
DBFHGEA
total path for D for size 6 = 300
=====================================
DEHIFCBA
DEBCFIHG
DEIHFCBA
DEGHIFCB
DEGHIFBC
DEGHIFBA
DEGHFCBA
DECBFIHG
DEABCFIH
DEABCFHI
DEABCFHG
DEABFIHG
DGHIFEBC
DGHIFEBA
DGHIFECB
DGHIFEAB
DGHIFCBA
DGHIFCBE
DGHIFCEB
DGHIFCEA
DGHIFBCE
DGHIFBAE
DGHIFBEC
DGHIFBEA
DGHIEFCB
DGHIEFBC
DGHIEFBA
DGHIEBCF
DGHIEBFC
DGHIECBA
DGHIECBF
DGHIECFB
DGHIEABC
DGHIEABF
DGHEFCBA
DGHEBCFI
DGHEIFCB
DGHEIFBC
DGHEIFBA
DGHECBFI
DGHECFBA
DGHEABCF
DGHEABFI
DGHEABFC
DGHFECBA
DGHFEABC
DGHFIEBC
DGHFIEBA
DGHFIECB
DGHFIEAB
DGHFCBAE
DGHFCBEI
DGHFCBEA
DGHFCEBA
DGHFCEAB
DGHFBCEI
DGHFBCEA
DGHFBAEI
DGHFBAEC
DGEHIFCB
DGEHIFBC
DGEHIFBA
DGEHFCBA
DGEBCFIH
DGEBCFHI
DGEIHFCB
DGEIHFBC
DGEIHFBA
DGEIFCBA
DGECBFIH
DGECBFHI
DGEABCFI
DGEABCFH
DGEABFIH
DGEABFHI
DABCFEHI
DABCFEHG
DABCFEIH
DABCFEGH
DABCFIHG
DABCFIHE
DABCFIEH
DABCFIEG
DABCFHIE
DABCFHGE
DABCFHEI
DABCFHEG
DABCEFIH
DABCEFHI
DABCEFHG
DABCEHIF
DABCEHFI
DABCEIHG
DABCEIHF
DABCEIFH
DABCEGHI
DABCEGHF
DABEFIHG
DABEHIFC
DABEIHFC
DABEIFHG
DABEGHIF
DABEGHFI
DABEGHFC
DABECFIH
DABECFHI
DABECFHG
DABFEIHG
DABFEGHI
DABFIHGE
DABFIHEG
DABFIHEC
DABFIEHG
DABFIEGH
DABFCEHI
DABFCEHG
DABFCEIH
DABFCEGH
DABFHIEG
DABFHIEC
DABFHGEI
DABFHGEC
DAEHIFCB
DAEHIFBC
DAEBCFIH
DAEBCFHI
DAEBCFHG
DAEBFIHG
DAEIHFCB
DAEIHFBC
DAEGHIFC
DAEGHIFB
DAEGHFCB
DAEGHFBC
DAECBFIH
DAECBFHI
DAECBFHG
DAECFIHG
DHIFECBA
DHIFEABC
DHIFCBAE
DHIFCBEG
DHIFCBEA
DHIFCEBA
DHIFCEAB
DHIFBCEG
DHIFBCEA
DHIFBAEG
DHIFBAEC
DHIEFCBA
DHIECFBA
DHIEABCF
DHIEABFC
DHGEFCBA
DHGEBCFI
DHGEIFCB
DHGEIFBC
DHGEIFBA
DHGECBFI
DHGECFBA
DHGEABCF
DHGEABFI
DHGEABFC
DHEIFCBA
DHEABCFI
DHFIECBA
DHFIEABC
DHFCBAEI
DHFCBAEG
DBCFEIHG
DBCFEGHI
DBCFIHGE
DBCFIHEG
DBCFIHEA
DBCFIEHG
DBCFIEGH
DBCFHIEG
DBCFHIEA
DBCFHGEI
DBCFHGEA
DBCEFIHG
DBCEIFHG
DBCEGHIF
DBCEGHFI
DBAEFIHG
DBAEHIFC
DBAEIHFC
DBAEIFHG
DBAEGHIF
DBAEGHFI
DBAEGHFC
DBAECFIH
DBAECFHI
DBAECFHG
DBEGHIFC
DBECFIHG
DBFIHGEC
DBFIHGEA
DBFCEIHG
DBFCEGHI
total path for D for size 7 = 200
=====================================
DEGHIFCBA
DEABCFIHG
DGHIFECBA
DGHIFEABC
DGHIFCBAE
DGHIFCBEA
DGHIFCEBA
DGHIFCEAB
DGHIFBCEA
DGHIFBAEC
DGHIEFCBA
DGHIECFBA
DGHIEABCF
DGHIEABFC
DGHEIFCBA
DGHEABCFI
DGHFIECBA
DGHFIEABC
DGHFCBAEI
DGEHIFCBA
DGEIHFCBA
DGEABCFIH
DGEABCFHI
DABCFEIHG
DABCFEGHI
DABCFIHGE
DABCFIHEG
DABCFIEHG
DABCFIEGH
DABCFHIEG
DABCFHGEI
DABCEFIHG
DABCEIFHG
DABCEGHIF
DABCEGHFI
DABEGHIFC
DABECFIHG
DABFIHGEC
DABFCEIHG
DABFCEGHI
DAEBCFIHG
DAEGHIFCB
DAEGHIFBC
DAECBFIHG
DHIFCBAEG
DHGEIFCBA
DHGEABCFI
DBCFIHGEA
DBAEGHIFC
DBAECFIHG
total path for D for size 8 = 50
=====================================
E
total path for E for size 0 = 1
=====================================
EF
ED
EH
EB
EI
EG
EC
EA
total path for E for size 1 = 8
=====================================
EFI
EFC
EFH
EFB
EDG
EDA
EDH
EDB
EHI
EHG
EHF
EHD
EBC
EBA
EBF
EBD
EIH
EIF
EGH
EGD
ECB
ECF
EAB
EAD
total path for E for size 2 = 24
=====================================
EFIH
EFCB
EFHI
EFHG
EFHD
EFBC
EFBA
EFBD
EDGH
EDAB
EDHI
EDHG
EDHF
EDBC
EDBA
EDBF
EHIF
EHGD
EHFI
EHFC
EHFB
EHDG
EHDA
EHDB
EBCF
EBAD
EBFI
EBFC
EBFH
EBDG
EBDA
EBDH
EIHG
EIHF
EIHD
EIFC
EIFH
EIFB
EGHI
EGHF
EGHD
EGDA
EGDH
EGDB
ECBA
ECBF
ECBD
ECFI
ECFH
ECFB
EABC
EABF
EABD
EADG
EADH
EADB
total path for E for size 3 = 56
=====================================
EFIHG
EFIHD
EFCBA
EFCBD
EFHGD
EFHDG
EFHDA
EFHDB
EFBAD
EFBDG
EFBDA
EFBDH
EDGHI
EDGHF
EDABC
EDABF
EDHIF
EDHFI
EDHFC
EDHFB
EDBCF
EDBFI
EDBFC
EDBFH
EHIFC
EHIFB
EHGDA
EHGDB
EHFCB
EHFBC
EHFBA
EHFBD
EHDAB
EHDBC
EHDBA
EHDBF
EBCFI
EBCFH
EBADG
EBADH
EBFIH
EBFHI
EBFHG
EBFHD
EBDGH
EBDHI
EBDHG
EBDHF
EIHGD
EIHFC
EIHFB
EIHDG
EIHDA
EIHDB
EIFCB
EIFHG
EIFHD
EIFBC
EIFBA
EIFBD
EGHIF
EGHFI
EGHFC
EGHFB
EGHDA
EGHDB
EGDAB
EGDHI
EGDHF
EGDBC
EGDBA
EGDBF
ECBAD
ECBFI
ECBFH
ECBDG
ECBDA
ECBDH
ECFIH
ECFHI
ECFHG
ECFHD
ECFBA
ECFBD
EABCF
EABFI
EABFC
EABFH
EABDG
EABDH
EADGH
EADHI
EADHG
EADHF
EADBC
EADBF
total path for E for size 4 = 96
=====================================
EFIHGD
EFIHDG
EFIHDA
EFIHDB
EFCBAD
EFCBDG
EFCBDA
EFCBDH
EFHGDA
EFHGDB
EFHDAB
EFHDBC
EFHDBA
EFBADG
EFBADH
EFBDGH
EFBDHI
EFBDHG
EDGHIF
EDGHFI
EDGHFC
EDGHFB
EDABCF
EDABFI
EDABFC
EDABFH
EDHIFC
EDHIFB
EDHFCB
EDHFBC
EDHFBA
EDBCFI
EDBCFH
EDBFIH
EDBFHI
EDBFHG
EHIFCB
EHIFBC
EHIFBA
EHIFBD
EHGDAB
EHGDBC
EHGDBA
EHGDBF
EHFCBA
EHFCBD
EHFBAD
EHFBDG
EHFBDA
EHDABC
EHDABF
EHDBCF
EHDBFI
EHDBFC
EBCFIH
EBCFHI
EBCFHG
EBCFHD
EBADGH
EBADHI
EBADHG
EBADHF
EBFIHG
EBFIHD
EBFHGD
EBFHDG
EBFHDA
EBDGHI
EBDGHF
EBDHIF
EBDHFI
EBDHFC
EIHGDA
EIHGDB
EIHFCB
EIHFBC
EIHFBA
EIHFBD
EIHDAB
EIHDBC
EIHDBA
EIHDBF
EIFCBA
EIFCBD
EIFHGD
EIFHDG
EIFHDA
EIFHDB
EIFBAD
EIFBDG
EIFBDA
EIFBDH
EGHIFC
EGHIFB
EGHFCB
EGHFBC
EGHFBA
EGHFBD
EGHDAB
EGHDBC
EGHDBA
EGHDBF
EGDABC
EGDABF
EGDHIF
EGDHFI
EGDHFC
EGDHFB
EGDBCF
EGDBFI
EGDBFC
EGDBFH
ECBADG
ECBADH
ECBFIH
ECBFHI
ECBFHG
ECBFHD
ECBDGH
ECBDHI
ECBDHG
ECBDHF
ECFIHG
ECFIHD
ECFHGD
ECFHDG
ECFHDA
ECFHDB
ECFBAD
ECFBDG
ECFBDA
ECFBDH
EABCFI
EABCFH
EABFIH
EABFHI
EABFHG
EABFHD
EABDGH
EABDHI
EABDHG
EABDHF
EADGHI
EADGHF
EADHIF
EADHFI
EADHFC
EADHFB
EADBCF
EADBFI
EADBFC
EADBFH
total path for E for size 5 = 152
=====================================
EFIHGDA
EFIHGDB
EFIHDAB
EFIHDBC
EFIHDBA
EFCBADG
EFCBADH
EFCBDGH
EFCBDHI
EFCBDHG
EFHGDAB
EFHGDBC
EFHGDBA
EFHDABC
EFBADGH
EFBADHI
EFBADHG
EFBDGHI
EDGHIFC
EDGHIFB
EDGHFCB
EDGHFBC
EDGHFBA
EDABCFI
EDABCFH
EDABFIH
EDABFHI
EDABFHG
EDHIFCB
EDHIFBC
EDHIFBA
EDHFCBA
EDBCFIH
EDBCFHI
EDBCFHG
EDBFIHG
EHIFCBA
EHIFCBD
EHIFBAD
EHIFBDG
EHIFBDA
EHGDABC
EHGDABF
EHGDBCF
EHGDBFI
EHGDBFC
EHFCBAD
EHFCBDG
EHFCBDA
EHFBADG
EHDABCF
EHDABFI
EHDABFC
EHDBCFI
EBCFIHG
EBCFIHD
EBCFHGD
EBCFHDG
EBCFHDA
EBADGHI
EBADGHF
EBADHIF
EBADHFI
EBADHFC
EBFIHGD
EBFIHDG
EBFIHDA
EBFHGDA
EBDGHIF
EBDGHFI
EBDGHFC
EBDHIFC
EIHGDAB
EIHGDBC
EIHGDBA
EIHGDBF
EIHFCBA
EIHFCBD
EIHFBAD
EIHFBDG
EIHFBDA
EIHDABC
EIHDABF
EIHDBCF
EIHDBFC
EIFCBAD
EIFCBDG
EIFCBDA
EIFCBDH
EIFHGDA
EIFHGDB
EIFHDAB
EIFHDBC
EIFHDBA
EIFBADG
EIFBADH
EIFBDGH
EIFBDHG
EGHIFCB
EGHIFBC
EGHIFBA
EGHIFBD
EGHFCBA
EGHFCBD
EGHFBAD
EGHFBDA
EGHDABC
EGHDABF
EGHDBCF
EGHDBFI
EGHDBFC
EGDABCF
EGDABFI
EGDABFC
EGDABFH
EGDHIFC
EGDHIFB
EGDHFCB
EGDHFBC
EGDHFBA
EGDBCFI
EGDBCFH
EGDBFIH
EGDBFHI
ECBADGH
ECBADHI
ECBADHG
ECBADHF
ECBFIHG
ECBFIHD
ECBFHGD
ECBFHDG
ECBFHDA
ECBDGHI
ECBDGHF
ECBDHIF
ECBDHFI
ECFIHGD
ECFIHDG
ECFIHDA
ECFIHDB
ECFHGDA
ECFHGDB
ECFHDAB
ECFHDBA
ECFBADG
ECFBADH
ECFBDGH
ECFBDHI
ECFBDHG
EABCFIH
EABCFHI
EABCFHG
EABCFHD
EABFIHG
EABFIHD
EABFHGD
EABFHDG
EABDGHI
EABDGHF
EABDHIF
EABDHFI
EABDHFC
EADGHIF
EADGHFI
EADGHFC
EADGHFB
EADHIFC
EADHIFB
EADHFCB
EADHFBC
EADBCFI
EADBCFH
EADBFIH
EADBFHI
EADBFHG
total path for E for size 6 = 176
=====================================
EFIHGDAB
EFIHGDBC
EFIHGDBA
EFIHDABC
EFCBADGH
EFCBADHI
EFCBADHG
EFCBDGHI
EFHGDABC
EFBADGHI
EDGHIFCB
EDGHIFBC
EDGHIFBA
EDGHFCBA
EDABCFIH
EDABCFHI
EDABCFHG
EDABFIHG
EDHIFCBA
EDBCFIHG
EHIFCBAD
EHIFCBDG
EHIFCBDA
EHIFBADG
EHGDABCF
EHGDABFI
EHGDABFC
EHGDBCFI
EHFCBADG
EHDABCFI
EBCFIHGD
EBCFIHDG
EBCFIHDA
EBCFHGDA
EBADGHIF
EBADGHFI
EBADGHFC
EBADHIFC
EBFIHGDA
EBDGHIFC
EIHGDABC
EIHGDABF
EIHGDBCF
EIHGDBFC
EIHFCBAD
EIHFCBDG
EIHFCBDA
EIHFBADG
EIHDABCF
EIHDABFC
EIFCBADG
EIFCBADH
EIFCBDGH
EIFCBDHG
EIFHGDAB
EIFHGDBC
EIFHGDBA
EIFHDABC
EIFBADGH
EIFBADHG
EGHIFCBA
EGHIFCBD
EGHIFBAD
EGHIFBDA
EGHFCBAD
EGHFCBDA
EGHDABCF
EGHDABFI
EGHDABFC
EGHDBCFI
EGDABCFI
EGDABCFH
EGDABFIH
EGDABFHI
EGDHIFCB
EGDHIFBC
EGDHIFBA
EGDHFCBA
EGDBCFIH
EGDBCFHI
ECBADGHI
ECBADGHF
ECBADHIF
ECBADHFI
ECBFIHGD
ECBFIHDG
ECBFIHDA
ECBFHGDA
ECBDGHIF
ECBDGHFI
ECFIHGDA
ECFIHGDB
ECFIHDAB
ECFIHDBA
ECFHGDAB
ECFHGDBA
ECFBADGH
ECFBADHI
ECFBADHG
ECFBDGHI
EABCFIHG
EABCFIHD
EABCFHGD
EABCFHDG
EABFIHGD
EABFIHDG
EABDGHIF
EABDGHFI
EABDGHFC
EABDHIFC
EADGHIFC
EADGHIFB
EADGHFCB
EADGHFBC
EADHIFCB
EADHIFBC
EADBCFIH
EADBCFHI
EADBCFHG
EADBFIHG
total path for E for size 7 = 120
=====================================
EFIHGDABC
EFCBADGHI
EDGHIFCBA
EDABCFIHG
EHIFCBADG
EHGDABCFI
EBCFIHGDA
EBADGHIFC
EIHGDABCF
EIHGDABFC
EIHFCBADG
EIFCBADGH
EIFCBADHG
EIFHGDABC
EGHIFCBAD
EGHIFCBDA
EGHDABCFI
EGDABCFIH
EGDABCFHI
EGDHIFCBA
ECBADGHIF
ECBADGHFI
ECBFIHGDA
ECFIHGDAB
ECFIHGDBA
ECFBADGHI
EABCFIHGD
EABCFIHDG
EABDGHIFC
EADGHIFCB
EADGHIFBC
EADBCFIHG
total path for E for size 8 = 32
=====================================
F
total path for F for size 0 = 1
=====================================
FE
FI
FC
FH
FB
total path for F for size 1 = 5
=====================================
FED
FEH
FEB
FEI
FEG
FEC
FEA
FIH
FIE
FCB
FCE
FHI
FHG
FHE
FHD
FBC
FBA
FBE
FBD
total path for F for size 2 = 19
=====================================
FEDG
FEDA
FEDH
FEDB
FEHI
FEHG
FEHD
FEBC
FEBA
FEBD
FEIH
FEGH
FEGD
FECB
FEAB
FEAD
FIHG
FIHE
FIHD
FIED
FIEH
FIEB
FIEG
FIEC
FIEA
FCBA
FCBE
FCBD
FCED
FCEH
FCEB
FCEI
FCEG
FCEA
FHIE
FHGD
FHGE
FHED
FHEB
FHEI
FHEG
FHEC
FHEA
FHDE
FHDG
FHDA
FHDB
FBCE
FBAD
FBAE
FBED
FBEH
FBEI
FBEG
FBEC
FBEA
FBDE
FBDG
FBDA
FBDH
total path for F for size 3 = 60
=====================================
FEDGH
FEDAB
FEDHI
FEDHG
FEDBC
FEDBA
FEHGD
FEHDG
FEHDA
FEHDB
FEBAD
FEBDG
FEBDA
FEBDH
FEIHG
FEIHD
FEGHI
FEGHD
FEGDA
FEGDH
FEGDB
FECBA
FECBD
FEABC
FEABD
FEADG
FEADH
FEADB
FIHGD
FIHGE
FIHED
FIHEB
FIHEG
FIHEC
FIHEA
FIHDE
FIHDG
FIHDA
FIHDB
FIEDG
FIEDA
FIEDH
FIEDB
FIEHG
FIEHD
FIEBC
FIEBA
FIEBD
FIEGH
FIEGD
FIECB
FIEAB
FIEAD
FCBAD
FCBAE
FCBED
FCBEH
FCBEI
FCBEG
FCBEA
FCBDE
FCBDG
FCBDA
FCBDH
FCEDG
FCEDA
FCEDH
FCEDB
FCEHI
FCEHG
FCEHD
FCEBA
FCEBD
FCEIH
FCEGH
FCEGD
FCEAB
FCEAD
FHIED
FHIEB
FHIEG
FHIEC
FHIEA
FHGDE
FHGDA
FHGDB
FHGED
FHGEB
FHGEI
FHGEC
FHGEA
FHEDG
FHEDA
FHEDB
FHEBC
FHEBA
FHEBD
FHEGD
FHECB
FHEAB
FHEAD
FHDEB
FHDEI
FHDEG
FHDEC
FHDEA
FHDGE
FHDAB
FHDAE
FHDBC
FHDBA
FHDBE
FBCED
FBCEH
FBCEI
FBCEG
FBCEA
FBADE
FBADG
FBADH
FBAED
FBAEH
FBAEI
FBAEG
FBAEC
FBEDG
FBEDA
FBEDH
FBEHI
FBEHG
FBEHD
FBEIH
FBEGH
FBEGD
FBEAD
FBDEH
FBDEI
FBDEG
FBDEC
FBDEA
FBDGH
FBDGE
FBDAE
FBDHI
FBDHG
FBDHE
total path for F for size 4 = 146
=====================================
FEDGHI
FEDABC
FEHGDA
FEHGDB
FEHDAB
FEHDBC
FEHDBA
FEBADG
FEBADH
FEBDGH
FEBDHI
FEBDHG
FEIHGD
FEIHDG
FEIHDA
FEIHDB
FEGHDA
FEGHDB
FEGDAB
FEGDHI
FEGDBC
FEGDBA
FECBAD
FECBDG
FECBDA
FECBDH
FEABDG
FEABDH
FEADGH
FEADHI
FEADHG
FEADBC
FIHGDE
FIHGDA
FIHGDB
FIHGED
FIHGEB
FIHGEC
FIHGEA
FIHEDG
FIHEDA
FIHEDB
FIHEBC
FIHEBA
FIHEBD
FIHEGD
FIHECB
FIHEAB
FIHEAD
FIHDEB
FIHDEG
FIHDEC
FIHDEA
FIHDGE
FIHDAB
FIHDAE
FIHDBC
FIHDBA
FIHDBE
FIEDGH
FIEDAB
FIEDHG
FIEDBC
FIEDBA
FIEHGD
FIEHDG
FIEHDA
FIEHDB
FIEBAD
FIEBDG
FIEBDA
FIEBDH
FIEGHD
FIEGDA
FIEGDH
FIEGDB
FIECBA
FIECBD
FIEABC
FIEABD
FIEADG
FIEADH
FIEADB
FCBADE
FCBADG
FCBADH
FCBAED
FCBAEH
FCBAEI
FCBAEG
FCBEDG
FCBEDA
FCBEDH
FCBEHI
FCBEHG
FCBEHD
FCBEIH
FCBEGH
FCBEGD
FCBEAD
FCBDEH
FCBDEI
FCBDEG
FCBDEA
FCBDGH
FCBDGE
FCBDAE
FCBDHI
FCBDHG
FCBDHE
FCEDGH
FCEDAB
FCEDHI
FCEDHG
FCEDBA
FCEHGD
FCEHDG
FCEHDA
FCEHDB
FCEBAD
FCEBDG
FCEBDA
FCEBDH
FCEIHG
FCEIHD
FCEGHI
FCEGHD
FCEGDA
FCEGDH
FCEGDB
FCEABD
FCEADG
FCEADH
FCEADB
FHIEDG
FHIEDA
FHIEDB
FHIEBC
FHIEBA
FHIEBD
FHIEGD
FHIECB
FHIEAB
FHIEAD
FHGDEB
FHGDEI
FHGDEC
FHGDEA
FHGDAB
FHGDAE
FHGDBC
FHGDBA
FHGDBE
FHGEDA
FHGEDB
FHGEBC
FHGEBA
FHGEBD
FHGECB
FHGEAB
FHGEAD
FHEDAB
FHEDBC
FHEDBA
FHEBAD
FHEBDG
FHEBDA
FHEGDA
FHEGDB
FHECBA
FHECBD
FHEABC
FHEABD
FHEADG
FHEADB
FHDEBC
FHDEBA
FHDECB
FHDEAB
FHDGEB
FHDGEI
FHDGEC
FHDGEA
FHDABC
FHDABE
FHDAEB
FHDAEI
FHDAEG
FHDAEC
FHDBCE
FHDBAE
FHDBEI
FHDBEG
FHDBEC
FHDBEA
FBCEDG
FBCEDA
FBCEDH
FBCEHI
FBCEHG
FBCEHD
FBCEIH
FBCEGH
FBCEGD
FBCEAD
FBADEH
FBADEI
FBADEG
FBADEC
FBADGH
FBADGE
FBADHI
FBADHG
FBADHE
FBAEDG
FBAEDH
FBAEHI
FBAEHG
FBAEHD
FBAEIH
FBAEGH
FBAEGD
FBEDGH
FBEDHI
FBEDHG
FBEHGD
FBEHDG
FBEHDA
FBEIHG
FBEIHD
FBEGHI
FBEGHD
FBEGDA
FBEGDH
FBEADG
FBEADH
FBDEHI
FBDEHG
FBDEIH
FBDEGH
FBDGHI
FBDGHE
FBDGEH
FBDGEI
FBDGEC
FBDGEA
FBDAEH
FBDAEI
FBDAEG
FBDAEC
FBDHIE
FBDHGE
FBDHEI
FBDHEG
FBDHEC
FBDHEA
total path for F for size 5 = 256
=====================================
FEHGDAB
FEHGDBC
FEHGDBA
FEHDABC
FEBADGH
FEBADHI
FEBADHG
FEBDGHI
FEIHGDA
FEIHGDB
FEIHDAB
FEIHDBC
FEIHDBA
FEGHDAB
FEGHDBC
FEGHDBA
FEGDABC
FECBADG
FECBADH
FECBDGH
FECBDHI
FECBDHG
FEABDGH
FEABDHI
FEABDHG
FEADGHI
FIHGDEB
FIHGDEC
FIHGDEA
FIHGDAB
FIHGDAE
FIHGDBC
FIHGDBA
FIHGDBE
FIHGEDA
FIHGEDB
FIHGEBC
FIHGEBA
FIHGEBD
FIHGECB
FIHGEAB
FIHGEAD
FIHEDAB
FIHEDBC
FIHEDBA
FIHEBAD
FIHEBDG
FIHEBDA
FIHEGDA
FIHEGDB
FIHECBA
FIHECBD
FIHEABC
FIHEABD
FIHEADG
FIHEADB
FIHDEBC
FIHDEBA
FIHDECB
FIHDEAB
FIHDGEB
FIHDGEC
FIHDGEA
FIHDABC
FIHDABE
FIHDAEB
FIHDAEG
FIHDAEC
FIHDBCE
FIHDBAE
FIHDBEG
FIHDBEC
FIHDBEA
FIEDABC
FIEHGDA
FIEHGDB
FIEHDAB
FIEHDBC
FIEHDBA
FIEBADG
FIEBADH
FIEBDGH
FIEBDHG
FIEGHDA
FIEGHDB
FIEGDAB
FIEGDBC
FIEGDBA
FIECBAD
FIECBDG
FIECBDA
FIECBDH
FIEABDG
FIEABDH
FIEADGH
FIEADHG
FIEADBC
FCBADEH
FCBADEI
FCBADEG
FCBADGH
FCBADGE
FCBADHI
FCBADHG
FCBADHE
FCBAEDG
FCBAEDH
FCBAEHI
FCBAEHG
FCBAEHD
FCBAEIH
FCBAEGH
FCBAEGD
FCBEDGH
FCBEDHI
FCBEDHG
FCBEHGD
FCBEHDG
FCBEHDA
FCBEIHG
FCBEIHD
FCBEGHI
FCBEGHD
FCBEGDA
FCBEGDH
FCBEADG
FCBEADH
FCBDEHI
FCBDEHG
FCBDEIH
FCBDEGH
FCBDGHI
FCBDGHE
FCBDGEH
FCBDGEI
FCBDGEA
FCBDAEH
FCBDAEI
FCBDAEG
FCBDHIE
FCBDHGE
FCBDHEI
FCBDHEG
FCBDHEA
FCEDGHI
FCEHGDA
FCEHGDB
FCEHDAB
FCEHDBA
FCEBADG
FCEBADH
FCEBDGH
FCEBDHI
FCEBDHG
FCEIHGD
FCEIHDG
FCEIHDA
FCEIHDB
FCEGHDA
FCEGHDB
FCEGDAB
FCEGDHI
FCEGDBA
FCEABDG
FCEABDH
FCEADGH
FCEADHI
FCEADHG
FHIEDAB
FHIEDBC
FHIEDBA
FHIEBAD
FHIEBDG
FHIEBDA
FHIEGDA
FHIEGDB
FHIECBA
FHIECBD
FHIEABC
FHIEABD
FHIEADG
FHIEADB
FHGDEBC
FHGDEBA
FHGDECB
FHGDEAB
FHGDABC
FHGDABE
FHGDAEB
FHGDAEI
FHGDAEC
FHGDBCE
FHGDBAE
FHGDBEI
FHGDBEC
FHGDBEA
FHGEDAB
FHGEDBC
FHGEDBA
FHGEBAD
FHGEBDA
FHGECBA
FHGECBD
FHGEABC
FHGEABD
FHGEADB
FHEDABC
FHEBADG
FHEGDAB
FHEGDBC
FHEGDBA
FHECBAD
FHECBDG
FHECBDA
FHEABDG
FHEADBC
FHDECBA
FHDEABC
FHDGEBC
FHDGEBA
FHDGECB
FHDGEAB
FHDABCE
FHDABEI
FHDABEG
FHDABEC
FHDAEBC
FHDAECB
FHDBCEI
FHDBCEG
FHDBCEA
FHDBAEI
FHDBAEG
FHDBAEC
FBCEDGH
FBCEDHI
FBCEDHG
FBCEHGD
FBCEHDG
FBCEHDA
FBCEIHG
FBCEIHD
FBCEGHI
FBCEGHD
FBCEGDA
FBCEGDH
FBCEADG
FBCEADH
FBADEHI
FBADEHG
FBADEIH
FBADEGH
FBADGHI
FBADGHE
FBADGEH
FBADGEI
FBADGEC
FBADHIE
FBADHGE
FBADHEI
FBADHEG
FBADHEC
FBAEDGH
FBAEDHI
FBAEDHG
FBAEHGD
FBAEHDG
FBAEIHG
FBAEIHD
FBAEGHI
FBAEGHD
FBAEGDH
FBEDGHI
FBEHGDA
FBEIHGD
FBEIHDG
FBEIHDA
FBEGHDA
FBEGDHI
FBEADGH
FBEADHI
FBEADHG
FBDEIHG
FBDEGHI
FBDGHIE
FBDGHEI
FBDGHEC
FBDGHEA
FBDGEHI
FBDGEIH
FBDAEHI
FBDAEHG
FBDAEIH
FBDAEGH
FBDHIEG
FBDHIEC
FBDHIEA
FBDHGEI
FBDHGEC
FBDHGEA
total path for F for size 6 = 300
=====================================
FEHGDABC
FEBADGHI
FEIHGDAB
FEIHGDBC
FEIHGDBA
FEIHDABC
FEGHDABC
FECBADGH
FECBADHI
FECBADHG
FECBDGHI
FEABDGHI
FIHGDEBC
FIHGDEBA
FIHGDECB
FIHGDEAB
FIHGDABC
FIHGDABE
FIHGDAEB
FIHGDAEC
FIHGDBCE
FIHGDBAE
FIHGDBEC
FIHGDBEA
FIHGEDAB
FIHGEDBC
FIHGEDBA
FIHGEBAD
FIHGEBDA
FIHGECBA
FIHGECBD
FIHGEABC
FIHGEABD
FIHGEADB
FIHEDABC
FIHEBADG
FIHEGDAB
FIHEGDBC
FIHEGDBA
FIHECBAD
FIHECBDG
FIHECBDA
FIHEABDG
FIHEADBC
FIHDECBA
FIHDEABC
FIHDGEBC
FIHDGEBA
FIHDGECB
FIHDGEAB
FIHDABCE
FIHDABEG
FIHDABEC
FIHDAEBC
FIHDAECB
FIHDBCEG
FIHDBCEA
FIHDBAEG
FIHDBAEC
FIEHGDAB
FIEHGDBC
FIEHGDBA
FIEHDABC
FIEBADGH
FIEBADHG
FIEGHDAB
FIEGHDBC
FIEGHDBA
FIEGDABC
FIECBADG
FIECBADH
FIECBDGH
FIECBDHG
FIEABDGH
FIEABDHG
FCBADEHI
FCBADEHG
FCBADEIH
FCBADEGH
FCBADGHI
FCBADGHE
FCBADGEH
FCBADGEI
FCBADHIE
FCBADHGE
FCBADHEI
FCBADHEG
FCBAEDGH
FCBAEDHI
FCBAEDHG
FCBAEHGD
FCBAEHDG
FCBAEIHG
FCBAEIHD
FCBAEGHI
FCBAEGHD
FCBAEGDH
FCBEDGHI
FCBEHGDA
FCBEIHGD
FCBEIHDG
FCBEIHDA
FCBEGHDA
FCBEGDHI
FCBEADGH
FCBEADHI
FCBEADHG
FCBDEIHG
FCBDEGHI
FCBDGHIE
FCBDGHEI
FCBDGHEA
FCBDGEHI
FCBDGEIH
FCBDAEHI
FCBDAEHG
FCBDAEIH
FCBDAEGH
FCBDHIEG
FCBDHIEA
FCBDHGEI
FCBDHGEA
FCEHGDAB
FCEHGDBA
FCEBADGH
FCEBADHI
FCEBADHG
FCEBDGHI
FCEIHGDA
FCEIHGDB
FCEIHDAB
FCEIHDBA
FCEGHDAB
FCEGHDBA
FCEABDGH
FCEABDHI
FCEABDHG
FCEADGHI
FHIEDABC
FHIEBADG
FHIEGDAB
FHIEGDBC
FHIEGDBA
FHIECBAD
FHIECBDG
FHIECBDA
FHIEABDG
FHIEADBC
FHGDECBA
FHGDEABC
FHGDABCE
FHGDABEI
FHGDABEC
FHGDAEBC
FHGDAECB
FHGDBCEI
FHGDBCEA
FHGDBAEI
FHGDBAEC
FHGEDABC
FHGECBAD
FHGECBDA
FHGEADBC
FHEGDABC
FHECBADG
FHDGECBA
FHDGEABC
FHDABCEI
FHDABCEG
FBCEDGHI
FBCEHGDA
FBCEIHGD
FBCEIHDG
FBCEIHDA
FBCEGHDA
FBCEGDHI
FBCEADGH
FBCEADHI
FBCEADHG
FBADEIHG
FBADEGHI
FBADGHIE
FBADGHEI
FBADGHEC
FBADGEHI
FBADGEIH
FBADHIEG
FBADHIEC
FBADHGEI
FBADHGEC
FBAEDGHI
FBAEIHGD
FBAEIHDG
FBAEGDHI
FBEIHGDA
FBEADGHI
FBDGHIEC
FBDGHIEA
FBDAEIHG
FBDAEGHI
total path for F for size 7 = 200
=====================================
FEIHGDABC
FECBADGHI
FIHGDECBA
FIHGDEABC
FIHGDABCE
FIHGDABEC
FIHGDAEBC
FIHGDAECB
FIHGDBCEA
FIHGDBAEC
FIHGEDABC
FIHGECBAD
FIHGECBDA
FIHGEADBC
FIHEGDABC
FIHECBADG
FIHDGECBA
FIHDGEABC
FIHDABCEG
FIEHGDABC
FIEGHDABC
FIECBADGH
FIECBADHG
FCBADEIHG
FCBADEGHI
FCBADGHIE
FCBADGHEI
FCBADGEHI
FCBADGEIH
FCBADHIEG
FCBADHGEI
FCBAEDGHI
FCBAEIHGD
FCBAEIHDG
FCBAEGDHI
FCBEIHGDA
FCBEADGHI
FCBDGHIEA
FCBDAEIHG
FCBDAEGHI
FCEBADGHI
FCEIHGDAB
FCEIHGDBA
FCEABDGHI
FHIEGDABC
FHIECBADG
FHGDABCEI
FBCEIHGDA
FBCEADGHI
FBADGHIEC
total path for F for size 8 = 50
=====================================
G
total path for G for size 0 = 1
=====================================
GH
GD
GE
total path for G for size 1 = 3
=====================================
GHI
GHE
GHF
GHD
GDE
GDA
GDH
GDB
GEF
GED
GEH
GEB
GEI
GEC
GEA
total path for G for size 2 = 15
=====================================
GHIF
GHIE
GHEF
GHED
GHEB
GHEI
GHEC
GHEA
GHFE
GHFI
GHFC
GHFB
GHDE
GHDA
GHDB
GDEF
GDEH
GDEB
GDEI
GDEC
GDEA
GDAB
GDAE
GDHI
GDHE
GDHF
GDBC
GDBA
GDBE
GDBF
GEFI
GEFC
GEFH
GEFB
GEDA
GEDH
GEDB
GEHI
GEHF
GEHD
GEBC
GEBA
GEBF
GEBD
GEIH
GEIF
GECB
GECF
GEAB
GEAD
total path for G for size 3 = 50
=====================================
GHIFE
GHIFC
GHIFB
GHIEF
GHIED
GHIEB
GHIEC
GHIEA
GHEFI
GHEFC
GHEFB
GHEDA
GHEDB
GHEBC
GHEBA
GHEBF
GHEBD
GHEIF
GHECB
GHECF
GHEAB
GHEAD
GHFED
GHFEB
GHFEI
GHFEC
GHFEA
GHFIE
GHFCB
GHFCE
GHFBC
GHFBA
GHFBE
GHFBD
GHDEF
GHDEB
GHDEI
GHDEC
GHDEA
GHDAB
GHDAE
GHDBC
GHDBA
GHDBE
GHDBF
GDEFI
GDEFC
GDEFH
GDEFB
GDEHI
GDEHF
GDEBC
GDEBA
GDEBF
GDEIH
GDEIF
GDECB
GDECF
GDEAB
GDABC
GDABE
GDABF
GDAEF
GDAEH
GDAEB
GDAEI
GDAEC
GDHIF
GDHIE
GDHEF
GDHEB
GDHEI
GDHEC
GDHEA
GDHFE
GDHFI
GDHFC
GDHFB
GDBCF
GDBCE
GDBAE
GDBEF
GDBEH
GDBEI
GDBEC
GDBEA
GDBFE
GDBFI
GDBFC
GDBFH
GEFIH
GEFCB
GEFHI
GEFHD
GEFBC
GEFBA
GEFBD
GEDAB
GEDHI
GEDHF
GEDBC
GEDBA
GEDBF
GEHIF
GEHFI
GEHFC
GEHFB
GEHDA
GEHDB
GEBCF
GEBAD
GEBFI
GEBFC
GEBFH
GEBDA
GEBDH
GEIHF
GEIHD
GEIFC
GEIFH
GEIFB
GECBA
GECBF
GECBD
GECFI
GECFH
GECFB
GEABC
GEABF
GEABD
GEADH
GEADB
total path for G for size 4 = 132
=====================================
GHIFED
GHIFEB
GHIFEC
GHIFEA
GHIFCB
GHIFCE
GHIFBC
GHIFBA
GHIFBE
GHIFBD
GHIEFC
GHIEFB
GHIEDA
GHIEDB
GHIEBC
GHIEBA
GHIEBF
GHIEBD
GHIECB
GHIECF
GHIEAB
GHIEAD
GHEFCB
GHEFBC
GHEFBA
GHEFBD
GHEDAB
GHEDBC
GHEDBA
GHEDBF
GHEBCF
GHEBAD
GHEBFI
GHEBFC
GHEBDA
GHEIFC
GHEIFB
GHECBA
GHECBF
GHECBD
GHECFI
GHECFB
GHEABC
GHEABF
GHEABD
GHEADB
GHFEDA
GHFEDB
GHFEBC
GHFEBA
GHFEBD
GHFECB
GHFEAB
GHFEAD
GHFIED
GHFIEB
GHFIEC
GHFIEA
GHFCBA
GHFCBE
GHFCBD
GHFCED
GHFCEB
GHFCEI
GHFCEA
GHFBCE
GHFBAD
GHFBAE
GHFBED
GHFBEI
GHFBEC
GHFBEA
GHFBDE
GHFBDA
GHDEFI
GHDEFC
GHDEFB
GHDEBC
GHDEBA
GHDEBF
GHDEIF
GHDECB
GHDECF
GHDEAB
GHDABC
GHDABE
GHDABF
GHDAEF
GHDAEB
GHDAEI
GHDAEC
GHDBCF
GHDBCE
GHDBAE
GHDBEF
GHDBEI
GHDBEC
GHDBEA
GHDBFE
GHDBFI
GHDBFC
GDEFIH
GDEFCB
GDEFHI
GDEFBC
GDEFBA
GDEHIF
GDEHFI
GDEHFC
GDEHFB
GDEBCF
GDEBFI
GDEBFC
GDEBFH
GDEIHF
GDEIFC
GDEIFH
GDEIFB
GDECBA
GDECBF
GDECFI
GDECFH
GDECFB
GDEABC
GDEABF
GDABCF
GDABCE
GDABEF
GDABEH
GDABEI
GDABEC
GDABFE
GDABFI
GDABFC
GDABFH
GDAEFI
GDAEFC
GDAEFH
GDAEFB
GDAEHI
GDAEHF
GDAEBC
GDAEBF
GDAEIH
GDAEIF
GDAECB
GDAECF
GDHIFE
GDHIFC
GDHIFB
GDHIEF
GDHIEB
GDHIEC
GDHIEA
GDHEFI
GDHEFC
GDHEFB
GDHEBC
GDHEBA
GDHEBF
GDHEIF
GDHECB
GDHECF
GDHEAB
GDHFEB
GDHFEI
GDHFEC
GDHFEA
GDHFIE
GDHFCB
GDHFCE
GDHFBC
GDHFBA
GDHFBE
GDBCFE
GDBCFI
GDBCFH
GDBCEF
GDBCEH
GDBCEI
GDBCEA
GDBAEF
GDBAEH
GDBAEI
GDBAEC
GDBEFI
GDBEFC
GDBEFH
GDBEHI
GDBEHF
GDBEIH
GDBEIF
GDBECF
GDBFEH
GDBFEI
GDBFEC
GDBFEA
GDBFIH
GDBFIE
GDBFCE
GDBFHI
GDBFHE
GEFIHD
GEFCBA
GEFCBD
GEFHDA
GEFHDB
GEFBAD
GEFBDA
GEFBDH
GEDABC
GEDABF
GEDHIF
GEDHFI
GEDHFC
GEDHFB
GEDBCF
GEDBFI
GEDBFC
GEDBFH
GEHIFC
GEHIFB
GEHFCB
GEHFBC
GEHFBA
GEHFBD
GEHDAB
GEHDBC
GEHDBA
GEHDBF
GEBCFI
GEBCFH
GEBADH
GEBFIH
GEBFHI
GEBFHD
GEBDHI
GEBDHF
GEIHFC
GEIHFB
GEIHDA
GEIHDB
GEIFCB
GEIFHD
GEIFBC
GEIFBA
GEIFBD
GECBAD
GECBFI
GECBFH
GECBDA
GECBDH
GECFIH
GECFHI
GECFHD
GECFBA
GECFBD
GEABCF
GEABFI
GEABFC
GEABFH
GEABDH
GEADHI
GEADHF
GEADBC
GEADBF
total path for G for size 5 = 266
=====================================
GHIFEDA
GHIFEDB
GHIFEBC
GHIFEBA
GHIFEBD
GHIFECB
GHIFEAB
GHIFEAD
GHIFCBA
GHIFCBE
GHIFCBD
GHIFCED
GHIFCEB
GHIFCEA
GHIFBCE
GHIFBAD
GHIFBAE
GHIFBED
GHIFBEC
GHIFBEA
GHIFBDE
GHIFBDA
GHIEFCB
GHIEFBC
GHIEFBA
GHIEFBD
GHIEDAB
GHIEDBC
GHIEDBA
GHIEDBF
GHIEBCF
GHIEBAD
GHIEBFC
GHIEBDA
GHIECBA
GHIECBF
GHIECBD
GHIECFB
GHIEABC
GHIEABF
GHIEABD
GHIEADB
GHEFCBA
GHEFCBD
GHEFBAD
GHEFBDA
GHEDABC
GHEDABF
GHEDBCF
GHEDBFI
GHEDBFC
GHEBCFI
GHEIFCB
GHEIFBC
GHEIFBA
GHEIFBD
GHECBAD
GHECBFI
GHECBDA
GHECFBA
GHECFBD
GHEABCF
GHEABFI
GHEABFC
GHEADBC
GHEADBF
GHFEDAB
GHFEDBC
GHFEDBA
GHFEBAD
GHFEBDA
GHFECBA
GHFECBD
GHFEABC
GHFEABD
GHFEADB
GHFIEDA
GHFIEDB
GHFIEBC
GHFIEBA
GHFIEBD
GHFIECB
GHFIEAB
GHFIEAD
GHFCBAD
GHFCBAE
GHFCBED
GHFCBEI
GHFCBEA
GHFCBDE
GHFCBDA
GHFCEDA
GHFCEDB
GHFCEBA
GHFCEBD
GHFCEAB
GHFCEAD
GHFBCED
GHFBCEI
GHFBCEA
GHFBADE
GHFBAED
GHFBAEI
GHFBAEC
GHFBEDA
GHFBEAD
GHFBDEI
GHFBDEC
GHFBDEA
GHFBDAE
GHDEFCB
GHDEFBC
GHDEFBA
GHDEBCF
GHDEBFI
GHDEBFC
GHDEIFC
GHDEIFB
GHDECBA
GHDECBF
GHDECFI
GHDECFB
GHDEABC
GHDEABF
GHDABCF
GHDABCE
GHDABEF
GHDABEI
GHDABEC
GHDABFE
GHDABFI
GHDABFC
GHDAEFI
GHDAEFC
GHDAEFB
GHDAEBC
GHDAEBF
GHDAEIF
GHDAECB
GHDAECF
GHDBCFE
GHDBCFI
GHDBCEF
GHDBCEI
GHDBCEA
GHDBAEF
GHDBAEI
GHDBAEC
GHDBEFI
GHDBEFC
GHDBEIF
GHDBECF
GHDBFEI
GHDBFEC
GHDBFEA
GHDBFIE
GHDBFCE
GDEFCBA
GDEHIFC
GDEHIFB
GDEHFCB
GDEHFBC
GDEHFBA
GDEBCFI
GDEBCFH
GDEBFIH
GDEBFHI
GDEIHFC
GDEIHFB
GDEIFCB
GDEIFBC
GDEIFBA
GDECBFI
GDECBFH
GDECFIH
GDECFHI
GDECFBA
GDEABCF
GDEABFI
GDEABFC
GDEABFH
GDABCFE
GDABCFI
GDABCFH
GDABCEF
GDABCEH
GDABCEI
GDABEFI
GDABEFC
GDABEFH
GDABEHI
GDABEHF
GDABEIH
GDABEIF
GDABECF
GDABFEH
GDABFEI
GDABFEC
GDABFIH
GDABFIE
GDABFCE
GDABFHI
GDABFHE
GDAEFIH
GDAEFCB
GDAEFHI
GDAEFBC
GDAEHIF
GDAEHFI
GDAEHFC
GDAEHFB
GDAEBCF
GDAEBFI
GDAEBFC
GDAEBFH
GDAEIHF
GDAEIFC
GDAEIFH
GDAEIFB
GDAECBF
GDAECFI
GDAECFH
GDAECFB
GDHIFEB
GDHIFEC
GDHIFEA
GDHIFCB
GDHIFCE
GDHIFBC
GDHIFBA
GDHIFBE
GDHIEFC
GDHIEFB
GDHIEBC
GDHIEBA
GDHIEBF
GDHIECB
GDHIECF
GDHIEAB
GDHEFCB
GDHEFBC
GDHEFBA
GDHEBCF
GDHEBFI
GDHEBFC
GDHEIFC
GDHEIFB
GDHECBA
GDHECBF
GDHECFI
GDHECFB
GDHEABC
GDHEABF
GDHFEBC
GDHFEBA
GDHFECB
GDHFEAB
GDHFIEB
GDHFIEC
GDHFIEA
GDHFCBA
GDHFCBE
GDHFCEB
GDHFCEI
GDHFCEA
GDHFBCE
GDHFBAE
GDHFBEI
GDHFBEC
GDHFBEA
GDBCFEH
GDBCFEI
GDBCFEA
GDBCFIH
GDBCFIE
GDBCFHI
GDBCFHE
GDBCEFI
GDBCEFH
GDBCEHI
GDBCEHF
GDBCEIH
GDBCEIF
GDBAEFI
GDBAEFC
GDBAEFH
GDBAEHI
GDBAEHF
GDBAEIH
GDBAEIF
GDBAECF
GDBEFIH
GDBEFHI
GDBEHIF
GDBEHFI
GDBEHFC
GDBEIHF
GDBEIFC
GDBEIFH
GDBECFI
GDBECFH
GDBFEHI
GDBFEIH
GDBFIHE
GDBFIEH
GDBFIEC
GDBFIEA
GDBFCEH
GDBFCEI
GDBFCEA
GDBFHIE
GDBFHEI
GDBFHEC
GDBFHEA
GEFIHDA
GEFIHDB
GEFCBAD
GEFCBDA
GEFCBDH
GEFHDAB
GEFHDBC
GEFHDBA
GEFBADH
GEFBDHI
GEDABCF
GEDABFI
GEDABFC
GEDABFH
GEDHIFC
GEDHIFB
GEDHFCB
GEDHFBC
GEDHFBA
GEDBCFI
GEDBCFH
GEDBFIH
GEDBFHI
GEHIFCB
GEHIFBC
GEHIFBA
GEHIFBD
GEHFCBA
GEHFCBD
GEHFBAD
GEHFBDA
GEHDABC
GEHDABF
GEHDBCF
GEHDBFI
GEHDBFC
GEBCFIH
GEBCFHI
GEBCFHD
GEBADHI
GEBADHF
GEBFIHD
GEBFHDA
GEBDHIF
GEBDHFI
GEBDHFC
GEIHFCB
GEIHFBC
GEIHFBA
GEIHFBD
GEIHDAB
GEIHDBC
GEIHDBA
GEIHDBF
GEIFCBA
GEIFCBD
GEIFHDA
GEIFHDB
GEIFBAD
GEIFBDA
GEIFBDH
GECBADH
GECBFIH
GECBFHI
GECBFHD
GECBDHI
GECBDHF
GECFIHD
GECFHDA
GECFHDB
GECFBAD
GECFBDA
GECFBDH
GEABCFI
GEABCFH
GEABFIH
GEABFHI
GEABFHD
GEABDHI
GEABDHF
GEADHIF
GEADHFI
GEADHFC
GEADHFB
GEADBCF
GEADBFI
GEADBFC
GEADBFH
total path for G for size 6 = 402
=====================================
GHIFEDAB
GHIFEDBC
GHIFEDBA
GHIFEBAD
GHIFEBDA
GHIFECBA
GHIFECBD
GHIFEABC
GHIFEABD
GHIFEADB
GHIFCBAD
GHIFCBAE
GHIFCBED
GHIFCBEA
GHIFCBDE
GHIFCBDA
GHIFCEDA
GHIFCEDB
GHIFCEBA
GHIFCEBD
GHIFCEAB
GHIFCEAD
GHIFBCED
GHIFBCEA
GHIFBADE
GHIFBAED
GHIFBAEC
GHIFBEDA
GHIFBEAD
GHIFBDEC
GHIFBDEA
GHIFBDAE
GHIEFCBA
GHIEFCBD
GHIEFBAD
GHIEFBDA
GHIEDABC
GHIEDABF
GHIEDBCF
GHIEDBFC
GHIECBAD
GHIECBDA
GHIECFBA
GHIECFBD
GHIEABCF
GHIEABFC
GHIEADBC
GHIEADBF
GHEFCBAD
GHEFCBDA
GHEDABCF
GHEDABFI
GHEDABFC
GHEDBCFI
GHEIFCBA
GHEIFCBD
GHEIFBAD
GHEIFBDA
GHECFBAD
GHECFBDA
GHEABCFI
GHEADBCF
GHEADBFI
GHEADBFC
GHFEDABC
GHFECBAD
GHFECBDA
GHFEADBC
GHFIEDAB
GHFIEDBC
GHFIEDBA
GHFIEBAD
GHFIEBDA
GHFIECBA
GHFIECBD
GHFIEABC
GHFIEABD
GHFIEADB
GHFCBADE
GHFCBAED
GHFCBAEI
GHFCBEDA
GHFCBEAD
GHFCBDEI
GHFCBDEA
GHFCBDAE
GHFCEDAB
GHFCEDBA
GHFCEBAD
GHFCEBDA
GHFCEABD
GHFCEADB
GHFBCEDA
GHFBCEAD
GHFBADEI
GHFBADEC
GHFBDAEI
GHFBDAEC
GHDEFCBA
GHDEBCFI
GHDEIFCB
GHDEIFBC
GHDEIFBA
GHDECBFI
GHDECFBA
GHDEABCF
GHDEABFI
GHDEABFC
GHDABCFE
GHDABCFI
GHDABCEF
GHDABCEI
GHDABEFI
GHDABEFC
GHDABEIF
GHDABECF
GHDABFEI
GHDABFEC
GHDABFIE
GHDABFCE
GHDAEFCB
GHDAEFBC
GHDAEBCF
GHDAEBFI
GHDAEBFC
GHDAEIFC
GHDAEIFB
GHDAECBF
GHDAECFI
GHDAECFB
GHDBCFEI
GHDBCFEA
GHDBCFIE
GHDBCEFI
GHDBCEIF
GHDBAEFI
GHDBAEFC
GHDBAEIF
GHDBAECF
GHDBEIFC
GHDBECFI
GHDBFIEC
GHDBFIEA
GHDBFCEI
GHDBFCEA
GDEHIFCB
GDEHIFBC
GDEHIFBA
GDEHFCBA
GDEBCFIH
GDEBCFHI
GDEIHFCB
GDEIHFBC
GDEIHFBA
GDEIFCBA
GDECBFIH
GDECBFHI
GDEABCFI
GDEABCFH
GDEABFIH
GDEABFHI
GDABCFEH
GDABCFEI
GDABCFIH
GDABCFIE
GDABCFHI
GDABCFHE
GDABCEFI
GDABCEFH
GDABCEHI
GDABCEHF
GDABCEIH
GDABCEIF
GDABEFIH
GDABEFHI
GDABEHIF
GDABEHFI
GDABEHFC
GDABEIHF
GDABEIFC
GDABEIFH
GDABECFI
GDABECFH
GDABFEHI
GDABFEIH
GDABFIHE
GDABFIEH
GDABFIEC
GDABFCEH
GDABFCEI
GDABFHIE
GDABFHEI
GDABFHEC
GDAEHIFC
GDAEHIFB
GDAEHFCB
GDAEHFBC
GDAEBCFI
GDAEBCFH
GDAEBFIH
GDAEBFHI
GDAEIHFC
GDAEIHFB
GDAEIFCB
GDAEIFBC
GDAECBFI
GDAECBFH
GDAECFIH
GDAECFHI
GDHIFEBC
GDHIFEBA
GDHIFECB
GDHIFEAB
GDHIFCBA
GDHIFCBE
GDHIFCEB
GDHIFCEA
GDHIFBCE
GDHIFBAE
GDHIFBEC
GDHIFBEA
GDHIEFCB
GDHIEFBC
GDHIEFBA
GDHIEBCF
GDHIEBFC
GDHIECBA
GDHIECBF
GDHIECFB
GDHIEABC
GDHIEABF
GDHEFCBA
GDHEBCFI
GDHEIFCB
GDHEIFBC
GDHEIFBA
GDHECBFI
GDHECFBA
GDHEABCF
GDHEABFI
GDHEABFC
GDHFECBA
GDHFEABC
GDHFIEBC
GDHFIEBA
GDHFIECB
GDHFIEAB
GDHFCBAE
GDHFCBEI
GDHFCBEA
GDHFCEBA
GDHFCEAB
GDHFBCEI
GDHFBCEA
GDHFBAEI
GDHFBAEC
GDBCFEHI
GDBCFEIH
GDBCFIHE
GDBCFIEH
GDBCFIEA
GDBCFHIE
GDBCFHEI
GDBCFHEA
GDBCEFIH
GDBCEFHI
GDBCEHIF
GDBCEHFI
GDBCEIHF
GDBCEIFH
GDBAEFIH
GDBAEFHI
GDBAEHIF
GDBAEHFI
GDBAEHFC
GDBAEIHF
GDBAEIFC
GDBAEIFH
GDBAECFI
GDBAECFH
GDBEHIFC
GDBEIHFC
GDBECFIH
GDBECFHI
GDBFIHEC
GDBFIHEA
GDBFCEHI
GDBFCEIH
GDBFHIEC
GDBFHIEA
GEFIHDAB
GEFIHDBC
GEFIHDBA
GEFCBADH
GEFCBDHI
GEFHDABC
GEFBADHI
GEDABCFI
GEDABCFH
GEDABFIH
GEDABFHI
GEDHIFCB
GEDHIFBC
GEDHIFBA
GEDHFCBA
GEDBCFIH
GEDBCFHI
GEHIFCBA
GEHIFCBD
GEHIFBAD
GEHIFBDA
GEHFCBAD
GEHFCBDA
GEHDABCF
GEHDABFI
GEHDABFC
GEHDBCFI
GEBCFIHD
GEBCFHDA
GEBADHIF
GEBADHFI
GEBADHFC
GEBFIHDA
GEBDHIFC
GEIHFCBA
GEIHFCBD
GEIHFBAD
GEIHFBDA
GEIHDABC
GEIHDABF
GEIHDBCF
GEIHDBFC
GEIFCBAD
GEIFCBDA
GEIFCBDH
GEIFHDAB
GEIFHDBC
GEIFHDBA
GEIFBADH
GECBADHI
GECBADHF
GECBFIHD
GECBFHDA
GECBDHIF
GECBDHFI
GECFIHDA
GECFIHDB
GECFHDAB
GECFHDBA
GECFBADH
GECFBDHI
GEABCFIH
GEABCFHI
GEABCFHD
GEABFIHD
GEABDHIF
GEABDHFI
GEABDHFC
GEADHIFC
GEADHIFB
GEADHFCB
GEADHFBC
GEADBCFI
GEADBCFH
GEADBFIH
GEADBFHI
total path for G for size 7 = 366
=====================================
GHIFEDABC
GHIFECBAD
GHIFECBDA
GHIFEADBC
GHIFCBADE
GHIFCBAED
GHIFCBEDA
GHIFCBEAD
GHIFCBDEA
GHIFCBDAE
GHIFCEDAB
GHIFCEDBA
GHIFCEBAD
GHIFCEBDA
GHIFCEABD
GHIFCEADB
GHIFBCEDA
GHIFBCEAD
GHIFBADEC
GHIFBDAEC
GHIEFCBAD
GHIEFCBDA
GHIEDABCF
GHIEDABFC
GHIECFBAD
GHIECFBDA
GHIEADBCF
GHIEADBFC
GHEDABCFI
GHEIFCBAD
GHEIFCBDA
GHEADBCFI
GHFIEDABC
GHFIECBAD
GHFIECBDA
GHFIEADBC
GHFCBADEI
GHFCBDAEI
GHDEIFCBA
GHDEABCFI
GHDABCFEI
GHDABCFIE
GHDABCEFI
GHDABCEIF
GHDABEIFC
GHDABECFI
GHDABFIEC
GHDABFCEI
GHDAEBCFI
GHDAEIFCB
GHDAEIFBC
GHDAECBFI
GHDBCFIEA
GHDBAEIFC
GHDBAECFI
GDEHIFCBA
GDEIHFCBA
GDEABCFIH
GDEABCFHI
GDABCFEHI
GDABCFEIH
GDABCFIHE
GDABCFIEH
GDABCFHIE
GDABCFHEI
GDABCEFIH
GDABCEFHI
GDABCEHIF
GDABCEHFI
GDABCEIHF
GDABCEIFH
GDABEHIFC
GDABEIHFC
GDABECFIH
GDABECFHI
GDABFIHEC
GDABFCEHI
GDABFCEIH
GDABFHIEC
GDAEHIFCB
GDAEHIFBC
GDAEBCFIH
GDAEBCFHI
GDAEIHFCB
GDAEIHFBC
GDAECBFIH
GDAECBFHI
GDHIFECBA
GDHIFEABC
GDHIFCBAE
GDHIFCBEA
GDHIFCEBA
GDHIFCEAB
GDHIFBCEA
GDHIFBAEC
GDHIEFCBA
GDHIECFBA
GDHIEABCF
GDHIEABFC
GDHEIFCBA
GDHEABCFI
GDHFIECBA
GDHFIEABC
GDHFCBAEI
GDBCFIHEA
GDBCFHIEA
GDBAEHIFC
GDBAEIHFC
GDBAECFIH
GDBAECFHI
GEFIHDABC
GEFCBADHI
GEDABCFIH
GEDABCFHI
GEDHIFCBA
GEHIFCBAD
GEHIFCBDA
GEHDABCFI
GEBCFIHDA
GEBADHIFC
GEIHFCBAD
GEIHFCBDA
GEIHDABCF
GEIHDABFC
GEIFCBADH
GEIFHDABC
GECBADHIF
GECBADHFI
GECBFIHDA
GECFIHDAB
GECFIHDBA
GECFBADHI
GEABCFIHD
GEABDHIFC
GEADHIFCB
GEADHIFBC
GEADBCFIH
GEADBCFHI
total path for G for size 8 = 138
=====================================
H
total path for H for size 0 = 1
=====================================
HI
HG
HE
HF
HD
total path for H for size 1 = 5
=====================================
HIF
HIE
HGD
HGE
HEF
HED
HEB
HEI
HEG
HEC
HEA
HFE
HFI
HFC
HFB
HDE
HDG
HDA
HDB
total path for H for size 2 = 19
=====================================
HIFE
HIFC
HIFB
HIEF
HIED
HIEB
HIEG
HIEC
HIEA
HGDE
HGDA
HGDB
HGEF
HGED
HGEB
HGEI
HGEC
HGEA
HEFI
HEFC
HEFB
HEDG
HEDA
HEDB
HEBC
HEBA
HEBF
HEBD
HEIF
HEGD
HECB
HECF
HEAB
HEAD
HFED
HFEB
HFEI
HFEG
HFEC
HFEA
HFIE
HFCB
HFCE
HFBC
HFBA
HFBE
HFBD
HDEF
HDEB
HDEI
HDEG
HDEC
HDEA
HDGE
HDAB
HDAE
HDBC
HDBA
HDBE
HDBF
total path for H for size 3 = 60
=====================================
HIFED
HIFEB
HIFEG
HIFEC
HIFEA
HIFCB
HIFCE
HIFBC
HIFBA
HIFBE
HIFBD
HIEFC
HIEFB
HIEDG
HIEDA
HIEDB
HIEBC
HIEBA
HIEBF
HIEBD
HIEGD
HIECB
HIECF
HIEAB
HIEAD
HGDEF
HGDEB
HGDEI
HGDEC
HGDEA
HGDAB
HGDAE
HGDBC
HGDBA
HGDBE
HGDBF
HGEFI
HGEFC
HGEFB
HGEDA
HGEDB
HGEBC
HGEBA
HGEBF
HGEBD
HGEIF
HGECB
HGECF
HGEAB
HGEAD
HEFCB
HEFBC
HEFBA
HEFBD
HEDAB
HEDBC
HEDBA
HEDBF
HEBCF
HEBAD
HEBFI
HEBFC
HEBDG
HEBDA
HEIFC
HEIFB
HEGDA
HEGDB
HECBA
HECBF
HECBD
HECFI
HECFB
HEABC
HEABF
HEABD
HEADG
HEADB
HFEDG
HFEDA
HFEDB
HFEBC
HFEBA
HFEBD
HFEGD
HFECB
HFEAB
HFEAD
HFIED
HFIEB
HFIEG
HFIEC
HFIEA
HFCBA
HFCBE
HFCBD
HFCED
HFCEB
HFCEI
HFCEG
HFCEA
HFBCE
HFBAD
HFBAE
HFBED
HFBEI
HFBEG
HFBEC
HFBEA
HFBDE
HFBDG
HFBDA
HDEFI
HDEFC
HDEFB
HDEBC
HDEBA
HDEBF
HDEIF
HDECB
HDECF
HDEAB
HDGEF
HDGEB
HDGEI
HDGEC
HDGEA
HDABC
HDABE
HDABF
HDAEF
HDAEB
HDAEI
HDAEG
HDAEC
HDBCF
HDBCE
HDBAE
HDBEF
HDBEI
HDBEG
HDBEC
HDBEA
HDBFE
HDBFI
HDBFC
total path for H for size 4 = 146
=====================================
HIFEDG
HIFEDA
HIFEDB
HIFEBC
HIFEBA
HIFEBD
HIFEGD
HIFECB
HIFEAB
HIFEAD
HIFCBA
HIFCBE
HIFCBD
HIFCED
HIFCEB
HIFCEG
HIFCEA
HIFBCE
HIFBAD
HIFBAE
HIFBED
HIFBEG
HIFBEC
HIFBEA
HIFBDE
HIFBDG
HIFBDA
HIEFCB
HIEFBC
HIEFBA
HIEFBD
HIEDAB
HIEDBC
HIEDBA
HIEDBF
HIEBCF
HIEBAD
HIEBFC
HIEBDG
HIEBDA
HIEGDA
HIEGDB
HIECBA
HIECBF
HIECBD
HIECFB
HIEABC
HIEABF
HIEABD
HIEADG
HIEADB
HGDEFI
HGDEFC
HGDEFB
HGDEBC
HGDEBA
HGDEBF
HGDEIF
HGDECB
HGDECF
HGDEAB
HGDABC
HGDABE
HGDABF
HGDAEF
HGDAEB
HGDAEI
HGDAEC
HGDBCF
HGDBCE
HGDBAE
HGDBEF
HGDBEI
HGDBEC
HGDBEA
HGDBFE
HGDBFI
HGDBFC
HGEFCB
HGEFBC
HGEFBA
HGEFBD
HGEDAB
HGEDBC
HGEDBA
HGEDBF
HGEBCF
HGEBAD
HGEBFI
HGEBFC
HGEBDA
HGEIFC
HGEIFB
HGECBA
HGECBF
HGECBD
HGECFI
HGECFB
HGEABC
HGEABF
HGEABD
HGEADB
HEFCBA
HEFCBD
HEFBAD
HEFBDG
HEFBDA
HEDABC
HEDABF
HEDBCF
HEDBFI
HEDBFC
HEBCFI
HEBADG
HEIFCB
HEIFBC
HEIFBA
HEIFBD
HEGDAB
HEGDBC
HEGDBA
HEGDBF
HECBAD
HECBFI
HECBDG
HECBDA
HECFBA
HECFBD
HEABCF
HEABFI
HEABFC
HEABDG
HEADBC
HEADBF
HFEDAB
HFEDBC
HFEDBA
HFEBAD
HFEBDG
HFEBDA
HFEGDA
HFEGDB
HFECBA
HFECBD
HFEABC
HFEABD
HFEADG
HFEADB
HFIEDG
HFIEDA
HFIEDB
HFIEBC
HFIEBA
HFIEBD
HFIEGD
HFIECB
HFIEAB
HFIEAD
HFCBAD
HFCBAE
HFCBED
HFCBEI
HFCBEG
HFCBEA
HFCBDE
HFCBDG
HFCBDA
HFCEDG
HFCEDA
HFCEDB
HFCEBA
HFCEBD
HFCEGD
HFCEAB
HFCEAD
HFBCED
HFBCEI
HFBCEG
HFBCEA
HFBADE
HFBADG
HFBAED
HFBAEI
HFBAEG
HFBAEC
HFBEDG
HFBEDA
HFBEGD
HFBEAD
HFBDEI
HFBDEG
HFBDEC
HFBDEA
HFBDGE
HFBDAE
HDEFCB
HDEFBC
HDEFBA
HDEBCF
HDEBFI
HDEBFC
HDEIFC
HDEIFB
HDECBA
HDECBF
HDECFI
HDECFB
HDEABC
HDEABF
HDGEFI
HDGEFC
HDGEFB
HDGEBC
HDGEBA
HDGEBF
HDGEIF
HDGECB
HDGECF
HDGEAB
HDABCF
HDABCE
HDABEF
HDABEI
HDABEG
HDABEC
HDABFE
HDABFI
HDABFC
HDAEFI
HDAEFC
HDAEFB
HDAEBC
HDAEBF
HDAEIF
HDAECB
HDAECF
HDBCFE
HDBCFI
HDBCEF
HDBCEI
HDBCEG
HDBCEA
HDBAEF
HDBAEI
HDBAEG
HDBAEC
HDBEFI
HDBEFC
HDBEIF
HDBECF
HDBFEI
HDBFEG
HDBFEC
HDBFEA
HDBFIE
HDBFCE
total path for H for size 5 = 256
=====================================
HIFEDAB
HIFEDBC
HIFEDBA
HIFEBAD
HIFEBDG
HIFEBDA
HIFEGDA
HIFEGDB
HIFECBA
HIFECBD
HIFEABC
HIFEABD
HIFEADG
HIFEADB
HIFCBAD
HIFCBAE
HIFCBED
HIFCBEG
HIFCBEA
HIFCBDE
HIFCBDG
HIFCBDA
HIFCEDG
HIFCEDA
HIFCEDB
HIFCEBA
HIFCEBD
HIFCEGD
HIFCEAB
HIFCEAD
HIFBCED
HIFBCEG
HIFBCEA
HIFBADE
HIFBADG
HIFBAED
HIFBAEG
HIFBAEC
HIFBEDG
HIFBEDA
HIFBEGD
HIFBEAD
HIFBDEG
HIFBDEC
HIFBDEA
HIFBDGE
HIFBDAE
HIEFCBA
HIEFCBD
HIEFBAD
HIEFBDG
HIEFBDA
HIEDABC
HIEDABF
HIEDBCF
HIEDBFC
HIEBADG
HIEGDAB
HIEGDBC
HIEGDBA
HIEGDBF
HIECBAD
HIECBDG
HIECBDA
HIECFBA
HIECFBD
HIEABCF
HIEABFC
HIEABDG
HIEADBC
HIEADBF
HGDEFCB
HGDEFBC
HGDEFBA
HGDEBCF
HGDEBFI
HGDEBFC
HGDEIFC
HGDEIFB
HGDECBA
HGDECBF
HGDECFI
HGDECFB
HGDEABC
HGDEABF
HGDABCF
HGDABCE
HGDABEF
HGDABEI
HGDABEC
HGDABFE
HGDABFI
HGDABFC
HGDAEFI
HGDAEFC
HGDAEFB
HGDAEBC
HGDAEBF
HGDAEIF
HGDAECB
HGDAECF
HGDBCFE
HGDBCFI
HGDBCEF
HGDBCEI
HGDBCEA
HGDBAEF
HGDBAEI
HGDBAEC
HGDBEFI
HGDBEFC
HGDBEIF
HGDBECF
HGDBFEI
HGDBFEC
HGDBFEA
HGDBFIE
HGDBFCE
HGEFCBA
HGEFCBD
HGEFBAD
HGEFBDA
HGEDABC
HGEDABF
HGEDBCF
HGEDBFI
HGEDBFC
HGEBCFI
HGEIFCB
HGEIFBC
HGEIFBA
HGEIFBD
HGECBAD
HGECBFI
HGECBDA
HGECFBA
HGECFBD
HGEABCF
HGEABFI
HGEABFC
HGEADBC
HGEADBF
HEFCBAD
HEFCBDG
HEFCBDA
HEFBADG
HEDABCF
HEDABFI
HEDABFC
HEDBCFI
HEIFCBA
HEIFCBD
HEIFBAD
HEIFBDG
HEIFBDA
HEGDABC
HEGDABF
HEGDBCF
HEGDBFI
HEGDBFC
HECBADG
HECFBAD
HECFBDG
HECFBDA
HEABCFI
HEADBCF
HEADBFI
HEADBFC
HFEDABC
HFEBADG
HFEGDAB
HFEGDBC
HFEGDBA
HFECBAD
HFECBDG
HFECBDA
HFEABDG
HFEADBC
HFIEDAB
HFIEDBC
HFIEDBA
HFIEBAD
HFIEBDG
HFIEBDA
HFIEGDA
HFIEGDB
HFIECBA
HFIECBD
HFIEABC
HFIEABD
HFIEADG
HFIEADB
HFCBADE
HFCBADG
HFCBAED
HFCBAEI
HFCBAEG
HFCBEDG
HFCBEDA
HFCBEGD
HFCBEAD
HFCBDEI
HFCBDEG
HFCBDEA
HFCBDGE
HFCBDAE
HFCEDAB
HFCEDBA
HFCEBAD
HFCEBDG
HFCEBDA
HFCEGDA
HFCEGDB
HFCEABD
HFCEADG
HFCEADB
HFBCEDG
HFBCEDA
HFBCEGD
HFBCEAD
HFBADEI
HFBADEG
HFBADEC
HFBADGE
HFBAEDG
HFBAEGD
HFBEGDA
HFBEADG
HFBDGEI
HFBDGEC
HFBDGEA
HFBDAEI
HFBDAEG
HFBDAEC
HDEFCBA
HDEBCFI
HDEIFCB
HDEIFBC
HDEIFBA
HDECBFI
HDECFBA
HDEABCF
HDEABFI
HDEABFC
HDGEFCB
HDGEFBC
HDGEFBA
HDGEBCF
HDGEBFI
HDGEBFC
HDGEIFC
HDGEIFB
HDGECBA
HDGECBF
HDGECFI
HDGECFB
HDGEABC
HDGEABF
HDABCFE
HDABCFI
HDABCEF
HDABCEI
HDABCEG
HDABEFI
HDABEFC
HDABEIF
HDABECF
HDABFEI
HDABFEG
HDABFEC
HDABFIE
HDABFCE
HDAEFCB
HDAEFBC
HDAEBCF
HDAEBFI
HDAEBFC
HDAEIFC
HDAEIFB
HDAECBF
HDAECFI
HDAECFB
HDBCFEI
HDBCFEG
HDBCFEA
HDBCFIE
HDBCEFI
HDBCEIF
HDBAEFI
HDBAEFC
HDBAEIF
HDBAECF
HDBEIFC
HDBECFI
HDBFIEG
HDBFIEC
HDBFIEA
HDBFCEI
HDBFCEG
HDBFCEA
total path for H for size 6 = 300
=====================================
HIFEDABC
HIFEBADG
HIFEGDAB
HIFEGDBC
HIFEGDBA
HIFECBAD
HIFECBDG
HIFECBDA
HIFEABDG
HIFEADBC
HIFCBADE
HIFCBADG
HIFCBAED
HIFCBAEG
HIFCBEDG
HIFCBEDA
HIFCBEGD
HIFCBEAD
HIFCBDEG
HIFCBDEA
HIFCBDGE
HIFCBDAE
HIFCEDAB
HIFCEDBA
HIFCEBAD
HIFCEBDG
HIFCEBDA
HIFCEGDA
HIFCEGDB
HIFCEABD
HIFCEADG
HIFCEADB
HIFBCEDG
HIFBCEDA
HIFBCEGD
HIFBCEAD
HIFBADEG
HIFBADEC
HIFBADGE
HIFBAEDG
HIFBAEGD
HIFBEGDA
HIFBEADG
HIFBDGEC
HIFBDGEA
HIFBDAEG
HIFBDAEC
HIEFCBAD
HIEFCBDG
HIEFCBDA
HIEFBADG
HIEDABCF
HIEDABFC
HIEGDABC
HIEGDABF
HIEGDBCF
HIEGDBFC
HIECBADG
HIECFBAD
HIECFBDG
HIECFBDA
HIEADBCF
HIEADBFC
HGDEFCBA
HGDEBCFI
HGDEIFCB
HGDEIFBC
HGDEIFBA
HGDECBFI
HGDECFBA
HGDEABCF
HGDEABFI
HGDEABFC
HGDABCFE
HGDABCFI
HGDABCEF
HGDABCEI
HGDABEFI
HGDABEFC
HGDABEIF
HGDABECF
HGDABFEI
HGDABFEC
HGDABFIE
HGDABFCE
HGDAEFCB
HGDAEFBC
HGDAEBCF
HGDAEBFI
HGDAEBFC
HGDAEIFC
HGDAEIFB
HGDAECBF
HGDAECFI
HGDAECFB
HGDBCFEI
HGDBCFEA
HGDBCFIE
HGDBCEFI
HGDBCEIF
HGDBAEFI
HGDBAEFC
HGDBAEIF
HGDBAECF
HGDBEIFC
HGDBECFI
HGDBFIEC
HGDBFIEA
HGDBFCEI
HGDBFCEA
HGEFCBAD
HGEFCBDA
HGEDABCF
HGEDABFI
HGEDABFC
HGEDBCFI
HGEIFCBA
HGEIFCBD
HGEIFBAD
HGEIFBDA
HGECFBAD
HGECFBDA
HGEABCFI
HGEADBCF
HGEADBFI
HGEADBFC
HEFCBADG
HEDABCFI
HEIFCBAD
HEIFCBDG
HEIFCBDA
HEIFBADG
HEGDABCF
HEGDABFI
HEGDABFC
HEGDBCFI
HECFBADG
HEADBCFI
HFEGDABC
HFECBADG
HFIEDABC
HFIEBADG
HFIEGDAB
HFIEGDBC
HFIEGDBA
HFIECBAD
HFIECBDG
HFIECBDA
HFIEABDG
HFIEADBC
HFCBADEI
HFCBADEG
HFCBADGE
HFCBAEDG
HFCBAEGD
HFCBEGDA
HFCBEADG
HFCBDGEI
HFCBDGEA
HFCBDAEI
HFCBDAEG
HFCEBADG
HFCEGDAB
HFCEGDBA
HFCEABDG
HFBCEGDA
HFBCEADG
HFBADGEI
HFBADGEC
HDEIFCBA
HDEABCFI
HDGEFCBA
HDGEBCFI
HDGEIFCB
HDGEIFBC
HDGEIFBA
HDGECBFI
HDGECFBA
HDGEABCF
HDGEABFI
HDGEABFC
HDABCFEI
HDABCFEG
HDABCFIE
HDABCEFI
HDABCEIF
HDABEIFC
HDABECFI
HDABFIEG
HDABFIEC
HDABFCEI
HDABFCEG
HDAEBCFI
HDAEIFCB
HDAEIFBC
HDAECBFI
HDBCFIEG
HDBCFIEA
HDBAEIFC
HDBAECFI
total path for H for size 7 = 200
=====================================
HIFEGDABC
HIFECBADG
HIFCBADEG
HIFCBADGE
HIFCBAEDG
HIFCBAEGD
HIFCBEGDA
HIFCBEADG
HIFCBDGEA
HIFCBDAEG
HIFCEBADG
HIFCEGDAB
HIFCEGDBA
HIFCEABDG
HIFBCEGDA
HIFBCEADG
HIFBADGEC
HIEFCBADG
HIEGDABCF
HIEGDABFC
HIECFBADG
HGDEIFCBA
HGDEABCFI
HGDABCFEI
HGDABCFIE
HGDABCEFI
HGDABCEIF
HGDABEIFC
HGDABECFI
HGDABFIEC
HGDABFCEI
HGDAEBCFI
HGDAEIFCB
HGDAEIFBC
HGDAECBFI
HGDBCFIEA
HGDBAEIFC
HGDBAECFI
HGEDABCFI
HGEIFCBAD
HGEIFCBDA
HGEADBCFI
HEIFCBADG
HEGDABCFI
HFIEGDABC
HFIECBADG
HFCBADGEI
HDGEIFCBA
HDGEABCFI
HDABCFIEG
total path for H for size 8 = 50
=====================================
I
total path for I for size 0 = 1
=====================================
IH
IF
IE
total path for I for size 1 = 3
=====================================
IHG
IHE
IHF
IHD
IFE
IFC
IFH
IFB
IEF
IED
IEH
IEB
IEG
IEC
IEA
total path for I for size 2 = 15
=====================================
IHGD
IHGE
IHEF
IHED
IHEB
IHEG
IHEC
IHEA
IHFE
IHFC
IHFB
IHDE
IHDG
IHDA
IHDB
IFED
IFEH
IFEB
IFEG
IFEC
IFEA
IFCB
IFCE
IFHG
IFHE
IFHD
IFBC
IFBA
IFBE
IFBD
IEFC
IEFH
IEFB
IEDG
IEDA
IEDH
IEDB
IEHG
IEHF
IEHD
IEBC
IEBA
IEBF
IEBD
IEGH
IEGD
IECB
IECF
IEAB
IEAD
total path for I for size 3 = 50
=====================================
IHGDE
IHGDA
IHGDB
IHGEF
IHGED
IHGEB
IHGEC
IHGEA
IHEFC
IHEFB
IHEDG
IHEDA
IHEDB
IHEBC
IHEBA
IHEBF
IHEBD
IHEGD
IHECB
IHECF
IHEAB
IHEAD
IHFED
IHFEB
IHFEG
IHFEC
IHFEA
IHFCB
IHFCE
IHFBC
IHFBA
IHFBE
IHFBD
IHDEF
IHDEB
IHDEG
IHDEC
IHDEA
IHDGE
IHDAB
IHDAE
IHDBC
IHDBA
IHDBE
IHDBF
IFEDG
IFEDA
IFEDH
IFEDB
IFEHG
IFEHD
IFEBC
IFEBA
IFEBD
IFEGH
IFEGD
IFECB
IFEAB
IFEAD
IFCBA
IFCBE
IFCBD
IFCED
IFCEH
IFCEB
IFCEG
IFCEA
IFHGD
IFHGE
IFHED
IFHEB
IFHEG
IFHEC
IFHEA
IFHDE
IFHDG
IFHDA
IFHDB
IFBCE
IFBAD
IFBAE
IFBED
IFBEH
IFBEG
IFBEC
IFBEA
IFBDE
IFBDG
IFBDA
IFBDH
IEFCB
IEFHG
IEFHD
IEFBC
IEFBA
IEFBD
IEDGH
IEDAB
IEDHG
IEDHF
IEDBC
IEDBA
IEDBF
IEHGD
IEHFC
IEHFB
IEHDG
IEHDA
IEHDB
IEBCF
IEBAD
IEBFC
IEBFH
IEBDG
IEBDA
IEBDH
IEGHF
IEGHD
IEGDA
IEGDH
IEGDB
IECBA
IECBF
IECBD
IECFH
IECFB
IEABC
IEABF
IEABD
IEADG
IEADH
IEADB
total path for I for size 4 = 132
=====================================
IHGDEF
IHGDEB
IHGDEC
IHGDEA
IHGDAB
IHGDAE
IHGDBC
IHGDBA
IHGDBE
IHGDBF
IHGEFC
IHGEFB
IHGEDA
IHGEDB
IHGEBC
IHGEBA
IHGEBF
IHGEBD
IHGECB
IHGECF
IHGEAB
IHGEAD
IHEFCB
IHEFBC
IHEFBA
IHEFBD
IHEDAB
IHEDBC
IHEDBA
IHEDBF
IHEBCF
IHEBAD
IHEBFC
IHEBDG
IHEBDA
IHEGDA
IHEGDB
IHECBA
IHECBF
IHECBD
IHECFB
IHEABC
IHEABF
IHEABD
IHEADG
IHEADB
IHFEDG
IHFEDA
IHFEDB
IHFEBC
IHFEBA
IHFEBD
IHFEGD
IHFECB
IHFEAB
IHFEAD
IHFCBA
IHFCBE
IHFCBD
IHFCED
IHFCEB
IHFCEG
IHFCEA
IHFBCE
IHFBAD
IHFBAE
IHFBED
IHFBEG
IHFBEC
IHFBEA
IHFBDE
IHFBDG
IHFBDA
IHDEFC
IHDEFB
IHDEBC
IHDEBA
IHDEBF
IHDECB
IHDECF
IHDEAB
IHDGEF
IHDGEB
IHDGEC
IHDGEA
IHDABC
IHDABE
IHDABF
IHDAEF
IHDAEB
IHDAEG
IHDAEC
IHDBCF
IHDBCE
IHDBAE
IHDBEF
IHDBEG
IHDBEC
IHDBEA
IHDBFE
IHDBFC
IFEDGH
IFEDAB
IFEDHG
IFEDBC
IFEDBA
IFEHGD
IFEHDG
IFEHDA
IFEHDB
IFEBAD
IFEBDG
IFEBDA
IFEBDH
IFEGHD
IFEGDA
IFEGDH
IFEGDB
IFECBA
IFECBD
IFEABC
IFEABD
IFEADG
IFEADH
IFEADB
IFCBAD
IFCBAE
IFCBED
IFCBEH
IFCBEG
IFCBEA
IFCBDE
IFCBDG
IFCBDA
IFCBDH
IFCEDG
IFCEDA
IFCEDH
IFCEDB
IFCEHG
IFCEHD
IFCEBA
IFCEBD
IFCEGH
IFCEGD
IFCEAB
IFCEAD
IFHGDE
IFHGDA
IFHGDB
IFHGED
IFHGEB
IFHGEC
IFHGEA
IFHEDG
IFHEDA
IFHEDB
IFHEBC
IFHEBA
IFHEBD
IFHEGD
IFHECB
IFHEAB
IFHEAD
IFHDEB
IFHDEG
IFHDEC
IFHDEA
IFHDGE
IFHDAB
IFHDAE
IFHDBC
IFHDBA
IFHDBE
IFBCED
IFBCEH
IFBCEG
IFBCEA
IFBADE
IFBADG
IFBADH
IFBAED
IFBAEH
IFBAEG
IFBAEC
IFBEDG
IFBEDA
IFBEDH
IFBEHG
IFBEHD
IFBEGH
IFBEGD
IFBEAD
IFBDEH
IFBDEG
IFBDEC
IFBDEA
IFBDGH
IFBDGE
IFBDAE
IFBDHG
IFBDHE
IEFCBA
IEFCBD
IEFHGD
IEFHDG
IEFHDA
IEFHDB
IEFBAD
IEFBDG
IEFBDA
IEFBDH
IEDGHF
IEDABC
IEDABF
IEDHFC
IEDHFB
IEDBCF
IEDBFC
IEDBFH
IEHGDA
IEHGDB
IEHFCB
IEHFBC
IEHFBA
IEHFBD
IEHDAB
IEHDBC
IEHDBA
IEHDBF
IEBCFH
IEBADG
IEBADH
IEBFHG
IEBFHD
IEBDGH
IEBDHG
IEBDHF
IEGHFC
IEGHFB
IEGHDA
IEGHDB
IEGDAB
IEGDHF
IEGDBC
IEGDBA
IEGDBF
IECBAD
IECBFH
IECBDG
IECBDA
IECBDH
IECFHG
IECFHD
IECFBA
IECFBD
IEABCF
IEABFC
IEABFH
IEABDG
IEABDH
IEADGH
IEADHG
IEADHF
IEADBC
IEADBF
total path for I for size 5 = 266
=====================================
IHGDEFC
IHGDEFB
IHGDEBC
IHGDEBA
IHGDEBF
IHGDECB
IHGDECF
IHGDEAB
IHGDABC
IHGDABE
IHGDABF
IHGDAEF
IHGDAEB
IHGDAEC
IHGDBCF
IHGDBCE
IHGDBAE
IHGDBEF
IHGDBEC
IHGDBEA
IHGDBFE
IHGDBFC
IHGEFCB
IHGEFBC
IHGEFBA
IHGEFBD
IHGEDAB
IHGEDBC
IHGEDBA
IHGEDBF
IHGEBCF
IHGEBAD
IHGEBFC
IHGEBDA
IHGECBA
IHGECBF
IHGECBD
IHGECFB
IHGEABC
IHGEABF
IHGEABD
IHGEADB
IHEFCBA
IHEFCBD
IHEFBAD
IHEFBDG
IHEFBDA
IHEDABC
IHEDABF
IHEDBCF
IHEDBFC
IHEBADG
IHEGDAB
IHEGDBC
IHEGDBA
IHEGDBF
IHECBAD
IHECBDG
IHECBDA
IHECFBA
IHECFBD
IHEABCF
IHEABFC
IHEABDG
IHEADBC
IHEADBF
IHFEDAB
IHFEDBC
IHFEDBA
IHFEBAD
IHFEBDG
IHFEBDA
IHFEGDA
IHFEGDB
IHFECBA
IHFECBD
IHFEABC
IHFEABD
IHFEADG
IHFEADB
IHFCBAD
IHFCBAE
IHFCBED
IHFCBEG
IHFCBEA
IHFCBDE
IHFCBDG
IHFCBDA
IHFCEDG
IHFCEDA
IHFCEDB
IHFCEBA
IHFCEBD
IHFCEGD
IHFCEAB
IHFCEAD
IHFBCED
IHFBCEG
IHFBCEA
IHFBADE
IHFBADG
IHFBAED
IHFBAEG
IHFBAEC
IHFBEDG
IHFBEDA
IHFBEGD
IHFBEAD
IHFBDEG
IHFBDEC
IHFBDEA
IHFBDGE
IHFBDAE
IHDEFCB
IHDEFBC
IHDEFBA
IHDEBCF
IHDEBFC
IHDECBA
IHDECBF
IHDECFB
IHDEABC
IHDEABF
IHDGEFC
IHDGEFB
IHDGEBC
IHDGEBA
IHDGEBF
IHDGECB
IHDGECF
IHDGEAB
IHDABCF
IHDABCE
IHDABEF
IHDABEG
IHDABEC
IHDABFE
IHDABFC
IHDAEFC
IHDAEFB
IHDAEBC
IHDAEBF
IHDAECB
IHDAECF
IHDBCFE
IHDBCEF
IHDBCEG
IHDBCEA
IHDBAEF
IHDBAEG
IHDBAEC
IHDBEFC
IHDBECF
IHDBFEG
IHDBFEC
IHDBFEA
IHDBFCE
IFEDABC
IFEHGDA
IFEHGDB
IFEHDAB
IFEHDBC
IFEHDBA
IFEBADG
IFEBADH
IFEBDGH
IFEBDHG
IFEGHDA
IFEGHDB
IFEGDAB
IFEGDBC
IFEGDBA
IFECBAD
IFECBDG
IFECBDA
IFECBDH
IFEABDG
IFEABDH
IFEADGH
IFEADHG
IFEADBC
IFCBADE
IFCBADG
IFCBADH
IFCBAED
IFCBAEH
IFCBAEG
IFCBEDG
IFCBEDA
IFCBEDH
IFCBEHG
IFCBEHD
IFCBEGH
IFCBEGD
IFCBEAD
IFCBDEH
IFCBDEG
IFCBDEA
IFCBDGH
IFCBDGE
IFCBDAE
IFCBDHG
IFCBDHE
IFCEDGH
IFCEDAB
IFCEDHG
IFCEDBA
IFCEHGD
IFCEHDG
IFCEHDA
IFCEHDB
IFCEBAD
IFCEBDG
IFCEBDA
IFCEBDH
IFCEGHD
IFCEGDA
IFCEGDH
IFCEGDB
IFCEABD
IFCEADG
IFCEADH
IFCEADB
IFHGDEB
IFHGDEC
IFHGDEA
IFHGDAB
IFHGDAE
IFHGDBC
IFHGDBA
IFHGDBE
IFHGEDA
IFHGEDB
IFHGEBC
IFHGEBA
IFHGEBD
IFHGECB
IFHGEAB
IFHGEAD
IFHEDAB
IFHEDBC
IFHEDBA
IFHEBAD
IFHEBDG
IFHEBDA
IFHEGDA
IFHEGDB
IFHECBA
IFHECBD
IFHEABC
IFHEABD
IFHEADG
IFHEADB
IFHDEBC
IFHDEBA
IFHDECB
IFHDEAB
IFHDGEB
IFHDGEC
IFHDGEA
IFHDABC
IFHDABE
IFHDAEB
IFHDAEG
IFHDAEC
IFHDBCE
IFHDBAE
IFHDBEG
IFHDBEC
IFHDBEA
IFBCEDG
IFBCEDA
IFBCEDH
IFBCEHG
IFBCEHD
IFBCEGH
IFBCEGD
IFBCEAD
IFBADEH
IFBADEG
IFBADEC
IFBADGH
IFBADGE
IFBADHG
IFBADHE
IFBAEDG
IFBAEDH
IFBAEHG
IFBAEHD
IFBAEGH
IFBAEGD
IFBEDGH
IFBEDHG
IFBEHGD
IFBEHDG
IFBEHDA
IFBEGHD
IFBEGDA
IFBEGDH
IFBEADG
IFBEADH
IFBDEHG
IFBDEGH
IFBDGHE
IFBDGEH
IFBDGEC
IFBDGEA
IFBDAEH
IFBDAEG
IFBDAEC
IFBDHGE
IFBDHEG
IFBDHEC
IFBDHEA
IEFCBAD
IEFCBDG
IEFCBDA
IEFCBDH
IEFHGDA
IEFHGDB
IEFHDAB
IEFHDBC
IEFHDBA
IEFBADG
IEFBADH
IEFBDGH
IEFBDHG
IEDGHFC
IEDGHFB
IEDABCF
IEDABFC
IEDABFH
IEDHFCB
IEDHFBC
IEDHFBA
IEDBCFH
IEDBFHG
IEHGDAB
IEHGDBC
IEHGDBA
IEHGDBF
IEHFCBA
IEHFCBD
IEHFBAD
IEHFBDG
IEHFBDA
IEHDABC
IEHDABF
IEHDBCF
IEHDBFC
IEBCFHG
IEBCFHD
IEBADGH
IEBADHG
IEBADHF
IEBFHGD
IEBFHDG
IEBFHDA
IEBDGHF
IEBDHFC
IEGHFCB
IEGHFBC
IEGHFBA
IEGHFBD
IEGHDAB
IEGHDBC
IEGHDBA
IEGHDBF
IEGDABC
IEGDABF
IEGDHFC
IEGDHFB
IEGDBCF
IEGDBFC
IEGDBFH
IECBADG
IECBADH
IECBFHG
IECBFHD
IECBDGH
IECBDHG
IECBDHF
IECFHGD
IECFHDG
IECFHDA
IECFHDB
IECFBAD
IECFBDG
IECFBDA
IECFBDH
IEABCFH
IEABFHG
IEABFHD
IEABDGH
IEABDHG
IEABDHF
IEADGHF
IEADHFC
IEADHFB
IEADBCF
IEADBFC
IEADBFH
total path for I for size 6 = 402
=====================================
IHGDEFCB
IHGDEFBC
IHGDEFBA
IHGDEBCF
IHGDEBFC
IHGDECBA
IHGDECBF
IHGDECFB
IHGDEABC
IHGDEABF
IHGDABCF
IHGDABCE
IHGDABEF
IHGDABEC
IHGDABFE
IHGDABFC
IHGDAEFC
IHGDAEFB
IHGDAEBC
IHGDAEBF
IHGDAECB
IHGDAECF
IHGDBCFE
IHGDBCEF
IHGDBCEA
IHGDBAEF
IHGDBAEC
IHGDBEFC
IHGDBECF
IHGDBFEC
IHGDBFEA
IHGDBFCE
IHGEFCBA
IHGEFCBD
IHGEFBAD
IHGEFBDA
IHGEDABC
IHGEDABF
IHGEDBCF
IHGEDBFC
IHGECBAD
IHGECBDA
IHGECFBA
IHGECFBD
IHGEABCF
IHGEABFC
IHGEADBC
IHGEADBF
IHEFCBAD
IHEFCBDG
IHEFCBDA
IHEFBADG
IHEDABCF
IHEDABFC
IHEGDABC
IHEGDABF
IHEGDBCF
IHEGDBFC
IHECBADG
IHECFBAD
IHECFBDG
IHECFBDA
IHEADBCF
IHEADBFC
IHFEDABC
IHFEBADG
IHFEGDAB
IHFEGDBC
IHFEGDBA
IHFECBAD
IHFECBDG
IHFECBDA
IHFEABDG
IHFEADBC
IHFCBADE
IHFCBADG
IHFCBAED
IHFCBAEG
IHFCBEDG
IHFCBEDA
IHFCBEGD
IHFCBEAD
IHFCBDEG
IHFCBDEA
IHFCBDGE
IHFCBDAE
IHFCEDAB
IHFCEDBA
IHFCEBAD
IHFCEBDG
IHFCEBDA
IHFCEGDA
IHFCEGDB
IHFCEABD
IHFCEADG
IHFCEADB
IHFBCEDG
IHFBCEDA
IHFBCEGD
IHFBCEAD
IHFBADEG
IHFBADEC
IHFBADGE
IHFBAEDG
IHFBAEGD
IHFBEGDA
IHFBEADG
IHFBDGEC
IHFBDGEA
IHFBDAEG
IHFBDAEC
IHDEFCBA
IHDECFBA
IHDEABCF
IHDEABFC
IHDGEFCB
IHDGEFBC
IHDGEFBA
IHDGEBCF
IHDGEBFC
IHDGECBA
IHDGECBF
IHDGECFB
IHDGEABC
IHDGEABF
IHDABCFE
IHDABCEF
IHDABCEG
IHDABEFC
IHDABECF
IHDABFEG
IHDABFEC
IHDABFCE
IHDAEFCB
IHDAEFBC
IHDAEBCF
IHDAEBFC
IHDAECBF
IHDAECFB
IHDBCFEG
IHDBCFEA
IHDBAEFC
IHDBAECF
IHDBFCEG
IHDBFCEA
IFEHGDAB
IFEHGDBC
IFEHGDBA
IFEHDABC
IFEBADGH
IFEBADHG
IFEGHDAB
IFEGHDBC
IFEGHDBA
IFEGDABC
IFECBADG
IFECBADH
IFECBDGH
IFECBDHG
IFEABDGH
IFEABDHG
IFCBADEH
IFCBADEG
IFCBADGH
IFCBADGE
IFCBADHG
IFCBADHE
IFCBAEDG
IFCBAEDH
IFCBAEHG
IFCBAEHD
IFCBAEGH
IFCBAEGD
IFCBEDGH
IFCBEDHG
IFCBEHGD
IFCBEHDG
IFCBEHDA
IFCBEGHD
IFCBEGDA
IFCBEGDH
IFCBEADG
IFCBEADH
IFCBDEHG
IFCBDEGH
IFCBDGHE
IFCBDGEH
IFCBDGEA
IFCBDAEH
IFCBDAEG
IFCBDHGE
IFCBDHEG
IFCBDHEA
IFCEHGDA
IFCEHGDB
IFCEHDAB
IFCEHDBA
IFCEBADG
IFCEBADH
IFCEBDGH
IFCEBDHG
IFCEGHDA
IFCEGHDB
IFCEGDAB
IFCEGDBA
IFCEABDG
IFCEABDH
IFCEADGH
IFCEADHG
IFHGDEBC
IFHGDEBA
IFHGDECB
IFHGDEAB
IFHGDABC
IFHGDABE
IFHGDAEB
IFHGDAEC
IFHGDBCE
IFHGDBAE
IFHGDBEC
IFHGDBEA
IFHGEDAB
IFHGEDBC
IFHGEDBA
IFHGEBAD
IFHGEBDA
IFHGECBA
IFHGECBD
IFHGEABC
IFHGEABD
IFHGEADB
IFHEDABC
IFHEBADG
IFHEGDAB
IFHEGDBC
IFHEGDBA
IFHECBAD
IFHECBDG
IFHECBDA
IFHEABDG
IFHEADBC
IFHDECBA
IFHDEABC
IFHDGEBC
IFHDGEBA
IFHDGECB
IFHDGEAB
IFHDABCE
IFHDABEG
IFHDABEC
IFHDAEBC
IFHDAECB
IFHDBCEG
IFHDBCEA
IFHDBAEG
IFHDBAEC
IFBCEDGH
IFBCEDHG
IFBCEHGD
IFBCEHDG
IFBCEHDA
IFBCEGHD
IFBCEGDA
IFBCEGDH
IFBCEADG
IFBCEADH
IFBADEHG
IFBADEGH
IFBADGHE
IFBADGEH
IFBADGEC
IFBADHGE
IFBADHEG
IFBADHEC
IFBAEDGH
IFBAEDHG
IFBAEHGD
IFBAEHDG
IFBAEGHD
IFBAEGDH
IFBEHGDA
IFBEGHDA
IFBEADGH
IFBEADHG
IFBDGHEC
IFBDGHEA
IFBDAEHG
IFBDAEGH
IFBDHGEC
IFBDHGEA
IEFCBADG
IEFCBADH
IEFCBDGH
IEFCBDHG
IEFHGDAB
IEFHGDBC
IEFHGDBA
IEFHDABC
IEFBADGH
IEFBADHG
IEDGHFCB
IEDGHFBC
IEDGHFBA
IEDABCFH
IEDABFHG
IEDHFCBA
IEDBCFHG
IEHGDABC
IEHGDABF
IEHGDBCF
IEHGDBFC
IEHFCBAD
IEHFCBDG
IEHFCBDA
IEHFBADG
IEHDABCF
IEHDABFC
IEBCFHGD
IEBCFHDG
IEBCFHDA
IEBADGHF
IEBADHFC
IEBFHGDA
IEBDGHFC
IEGHFCBA
IEGHFCBD
IEGHFBAD
IEGHFBDA
IEGHDABC
IEGHDABF
IEGHDBCF
IEGHDBFC
IEGDABCF
IEGDABFC
IEGDABFH
IEGDHFCB
IEGDHFBC
IEGDHFBA
IEGDBCFH
IECBADGH
IECBADHG
IECBADHF
IECBFHGD
IECBFHDG
IECBFHDA
IECBDGHF
IECFHGDA
IECFHGDB
IECFHDAB
IECFHDBA
IECFBADG
IECFBADH
IECFBDGH
IECFBDHG
IEABCFHG
IEABCFHD
IEABFHGD
IEABFHDG
IEABDGHF
IEABDHFC
IEADGHFC
IEADGHFB
IEADHFCB
IEADHFBC
IEADBCFH
IEADBFHG
total path for I for size 7 = 366
=====================================
IHGDEFCBA
IHGDECFBA
IHGDEABCF
IHGDEABFC
IHGDABCFE
IHGDABCEF
IHGDABEFC
IHGDABECF
IHGDABFEC
IHGDABFCE
IHGDAEFCB
IHGDAEFBC
IHGDAEBCF
IHGDAEBFC
IHGDAECBF
IHGDAECFB
IHGDBCFEA
IHGDBAEFC
IHGDBAECF
IHGDBFCEA
IHGEFCBAD
IHGEFCBDA
IHGEDABCF
IHGEDABFC
IHGECFBAD
IHGECFBDA
IHGEADBCF
IHGEADBFC
IHEFCBADG
IHEGDABCF
IHEGDABFC
IHECFBADG
IHFEGDABC
IHFECBADG
IHFCBADEG
IHFCBADGE
IHFCBAEDG
IHFCBAEGD
IHFCBEGDA
IHFCBEADG
IHFCBDGEA
IHFCBDAEG
IHFCEBADG
IHFCEGDAB
IHFCEGDBA
IHFCEABDG
IHFBCEGDA
IHFBCEADG
IHFBADGEC
IHDGEFCBA
IHDGECFBA
IHDGEABCF
IHDGEABFC
IHDABCFEG
IHDABFCEG
IFEHGDABC
IFEGHDABC
IFECBADGH
IFECBADHG
IFCBADEHG
IFCBADEGH
IFCBADGHE
IFCBADGEH
IFCBADHGE
IFCBADHEG
IFCBAEDGH
IFCBAEDHG
IFCBAEHGD
IFCBAEHDG
IFCBAEGHD
IFCBAEGDH
IFCBEHGDA
IFCBEGHDA
IFCBEADGH
IFCBEADHG
IFCBDGHEA
IFCBDAEHG
IFCBDAEGH
IFCBDHGEA
IFCEHGDAB
IFCEHGDBA
IFCEBADGH
IFCEBADHG
IFCEGHDAB
IFCEGHDBA
IFCEABDGH
IFCEABDHG
IFHGDECBA
IFHGDEABC
IFHGDABCE
IFHGDABEC
IFHGDAEBC
IFHGDAECB
IFHGDBCEA
IFHGDBAEC
IFHGEDABC
IFHGECBAD
IFHGECBDA
IFHGEADBC
IFHEGDABC
IFHECBADG
IFHDGECBA
IFHDGEABC
IFHDABCEG
IFBCEHGDA
IFBCEGHDA
IFBCEADGH
IFBCEADHG
IFBADGHEC
IFBADHGEC
IEFCBADGH
IEFCBADHG
IEFHGDABC
IEDGHFCBA
IEDABCFHG
IEHGDABCF
IEHGDABFC
IEHFCBADG
IEBCFHGDA
IEBADGHFC
IEGHFCBAD
IEGHFCBDA
IEGHDABCF
IEGHDABFC
IEGDABCFH
IEGDHFCBA
IECBADGHF
IECBFHGDA
IECFHGDAB
IECFHGDBA
IECFBADGH
IECFBADHG
IEABCFHGD
IEABCFHDG
IEABDGHFC
IEADGHFCB
IEADGHFBC
IEADBCFHG
total path for I for size 8 = 138
=====================================
